nohup: ignoring input
start TP=2 r=3 decode/b1_l128_m32_128 expected=2
validated /sgl-workspace/sglang-src/experiment-results/phase5/qwen3_8b_stability/tp2/r3/decode/b1_l128_m32_128: 2 decode workloads
start TP=2 r=3 decode/b1_l2048_m128 expected=1
validated /sgl-workspace/sglang-src/experiment-results/phase5/qwen3_8b_stability/tp2/r3/decode/b1_l2048_m128: 1 decode workloads
start TP=2 r=3 prefill/b8_l128 expected=1
validated /sgl-workspace/sglang-src/experiment-results/phase5/qwen3_8b_stability/tp2/r3/prefill/b8_l128: 1 prefill workloads
start TP=4 r=3 decode/b1_l128_8192_m32_128_512 expected=6
validated /sgl-workspace/sglang-src/experiment-results/phase5/qwen3_8b_stability/tp4/r3/decode/b1_l128_8192_m32_128_512: 6 decode workloads
start TP=4 r=3 decode/b4_l2048_m128 expected=1
validated /sgl-workspace/sglang-src/experiment-results/phase5/qwen3_8b_stability/tp4/r3/decode/b4_l2048_m128: 1 decode workloads
start TP=8 r=3 decode/b1_l128_8192_m32_512 expected=4
validated /sgl-workspace/sglang-src/experiment-results/phase5/qwen3_8b_stability/tp8/r3/decode/b1_l128_8192_m32_512: 4 decode workloads
start TP=8 r=3 decode/b2_l128_8192_m32_128 expected=4
validated /sgl-workspace/sglang-src/experiment-results/phase5/qwen3_8b_stability/tp8/r3/decode/b2_l128_8192_m32_128: 4 decode workloads
start TP=8 r=3 decode/b4_l2048_8192_m32_128_512 expected=6
validated /sgl-workspace/sglang-src/experiment-results/phase5/qwen3_8b_stability/tp8/r3/decode/b4_l2048_8192_m32_128_512: 6 decode workloads
start TP=8 r=3 decode/b8_l8192_m32_512 expected=2
validated /sgl-workspace/sglang-src/experiment-results/phase5/qwen3_8b_stability/tp8/r3/decode/b8_l8192_m32_512: 2 decode workloads
start TP=8 r=3 decode/b16_l128_m128 expected=1
validated /sgl-workspace/sglang-src/experiment-results/phase5/qwen3_8b_stability/tp8/r3/decode/b16_l128_m128: 1 decode workloads
start TP=8 r=3 prefill/b1_l2048 expected=1
validated /sgl-workspace/sglang-src/experiment-results/phase5/qwen3_8b_stability/tp8/r3/prefill/b1_l2048: 1 prefill workloads
start TP=2 r=4 decode/b1_l128_m32_128 expected=2
validated /sgl-workspace/sglang-src/experiment-results/phase5/qwen3_8b_stability/tp2/r4/decode/b1_l128_m32_128: 2 decode workloads
start TP=2 r=4 decode/b1_l2048_m128 expected=1
validated /sgl-workspace/sglang-src/experiment-results/phase5/qwen3_8b_stability/tp2/r4/decode/b1_l2048_m128: 1 decode workloads
start TP=2 r=4 prefill/b8_l128 expected=1
validated /sgl-workspace/sglang-src/experiment-results/phase5/qwen3_8b_stability/tp2/r4/prefill/b8_l128: 1 prefill workloads
start TP=4 r=4 decode/b1_l128_8192_m32_128_512 expected=6
validated /sgl-workspace/sglang-src/experiment-results/phase5/qwen3_8b_stability/tp4/r4/decode/b1_l128_8192_m32_128_512: 6 decode workloads
start TP=4 r=4 decode/b4_l2048_m128 expected=1
validated /sgl-workspace/sglang-src/experiment-results/phase5/qwen3_8b_stability/tp4/r4/decode/b4_l2048_m128: 1 decode workloads
start TP=8 r=4 decode/b1_l128_8192_m32_512 expected=4
validated /sgl-workspace/sglang-src/experiment-results/phase5/qwen3_8b_stability/tp8/r4/decode/b1_l128_8192_m32_512: 4 decode workloads
start TP=8 r=4 decode/b2_l128_8192_m32_128 expected=4
validated /sgl-workspace/sglang-src/experiment-results/phase5/qwen3_8b_stability/tp8/r4/decode/b2_l128_8192_m32_128: 4 decode workloads
start TP=8 r=4 decode/b4_l2048_8192_m32_128_512 expected=6
validated /sgl-workspace/sglang-src/experiment-results/phase5/qwen3_8b_stability/tp8/r4/decode/b4_l2048_8192_m32_128_512: 6 decode workloads
start TP=8 r=4 decode/b8_l8192_m32_512 expected=2
validated /sgl-workspace/sglang-src/experiment-results/phase5/qwen3_8b_stability/tp8/r4/decode/b8_l8192_m32_512: 2 decode workloads
start TP=8 r=4 decode/b16_l128_m128 expected=1
validated /sgl-workspace/sglang-src/experiment-results/phase5/qwen3_8b_stability/tp8/r4/decode/b16_l128_m128: 1 decode workloads
start TP=8 r=4 prefill/b1_l2048 expected=1
validated /sgl-workspace/sglang-src/experiment-results/phase5/qwen3_8b_stability/tp8/r4/prefill/b1_l2048: 1 prefill workloads
start TP=2 r=5 decode/b1_l128_m32_128 expected=2
validated /sgl-workspace/sglang-src/experiment-results/phase5/qwen3_8b_stability/tp2/r5/decode/b1_l128_m32_128: 2 decode workloads
start TP=2 r=5 decode/b1_l2048_m128 expected=1
validated /sgl-workspace/sglang-src/experiment-results/phase5/qwen3_8b_stability/tp2/r5/decode/b1_l2048_m128: 1 decode workloads
start TP=2 r=5 prefill/b8_l128 expected=1
validated /sgl-workspace/sglang-src/experiment-results/phase5/qwen3_8b_stability/tp2/r5/prefill/b8_l128: 1 prefill workloads
start TP=4 r=5 decode/b1_l128_8192_m32_128_512 expected=6
validated /sgl-workspace/sglang-src/experiment-results/phase5/qwen3_8b_stability/tp4/r5/decode/b1_l128_8192_m32_128_512: 6 decode workloads
start TP=4 r=5 decode/b4_l2048_m128 expected=1
validated /sgl-workspace/sglang-src/experiment-results/phase5/qwen3_8b_stability/tp4/r5/decode/b4_l2048_m128: 1 decode workloads
start TP=8 r=5 decode/b1_l128_8192_m32_512 expected=4
validated /sgl-workspace/sglang-src/experiment-results/phase5/qwen3_8b_stability/tp8/r5/decode/b1_l128_8192_m32_512: 4 decode workloads
start TP=8 r=5 decode/b2_l128_8192_m32_128 expected=4
validated /sgl-workspace/sglang-src/experiment-results/phase5/qwen3_8b_stability/tp8/r5/decode/b2_l128_8192_m32_128: 4 decode workloads
start TP=8 r=5 decode/b4_l2048_8192_m32_128_512 expected=6
validated /sgl-workspace/sglang-src/experiment-results/phase5/qwen3_8b_stability/tp8/r5/decode/b4_l2048_8192_m32_128_512: 6 decode workloads
start TP=8 r=5 decode/b8_l8192_m32_512 expected=2
validated /sgl-workspace/sglang-src/experiment-results/phase5/qwen3_8b_stability/tp8/r5/decode/b8_l8192_m32_512: 2 decode workloads
start TP=8 r=5 decode/b16_l128_m128 expected=1
validated /sgl-workspace/sglang-src/experiment-results/phase5/qwen3_8b_stability/tp8/r5/decode/b16_l128_m128: 1 decode workloads
start TP=8 r=5 prefill/b1_l2048 expected=1
validated /sgl-workspace/sglang-src/experiment-results/phase5/qwen3_8b_stability/tp8/r5/prefill/b1_l2048: 1 prefill workloads
start TP=2 r=6 decode/b1_l128_m32_128 expected=2
validated /sgl-workspace/sglang-src/experiment-results/phase5/qwen3_8b_stability/tp2/r6/decode/b1_l128_m32_128: 2 decode workloads
start TP=2 r=6 decode/b1_l2048_m128 expected=1
validated /sgl-workspace/sglang-src/experiment-results/phase5/qwen3_8b_stability/tp2/r6/decode/b1_l2048_m128: 1 decode workloads
start TP=2 r=6 prefill/b8_l128 expected=1
validated /sgl-workspace/sglang-src/experiment-results/phase5/qwen3_8b_stability/tp2/r6/prefill/b8_l128: 1 prefill workloads
start TP=4 r=6 decode/b1_l128_8192_m32_128_512 expected=6
validated /sgl-workspace/sglang-src/experiment-results/phase5/qwen3_8b_stability/tp4/r6/decode/b1_l128_8192_m32_128_512: 6 decode workloads
start TP=4 r=6 decode/b4_l2048_m128 expected=1
validated /sgl-workspace/sglang-src/experiment-results/phase5/qwen3_8b_stability/tp4/r6/decode/b4_l2048_m128: 1 decode workloads
start TP=8 r=6 decode/b1_l128_8192_m32_512 expected=4
validated /sgl-workspace/sglang-src/experiment-results/phase5/qwen3_8b_stability/tp8/r6/decode/b1_l128_8192_m32_512: 4 decode workloads
start TP=8 r=6 decode/b2_l128_8192_m32_128 expected=4
validated /sgl-workspace/sglang-src/experiment-results/phase5/qwen3_8b_stability/tp8/r6/decode/b2_l128_8192_m32_128: 4 decode workloads
start TP=8 r=6 decode/b4_l2048_8192_m32_128_512 expected=6
validated /sgl-workspace/sglang-src/experiment-results/phase5/qwen3_8b_stability/tp8/r6/decode/b4_l2048_8192_m32_128_512: 6 decode workloads
start TP=8 r=6 decode/b8_l8192_m32_512 expected=2
validated /sgl-workspace/sglang-src/experiment-results/phase5/qwen3_8b_stability/tp8/r6/decode/b8_l8192_m32_512: 2 decode workloads
start TP=8 r=6 decode/b16_l128_m128 expected=1
validated /sgl-workspace/sglang-src/experiment-results/phase5/qwen3_8b_stability/tp8/r6/decode/b16_l128_m128: 1 decode workloads
start TP=8 r=6 prefill/b1_l2048 expected=1
validated /sgl-workspace/sglang-src/experiment-results/phase5/qwen3_8b_stability/tp8/r6/prefill/b1_l2048: 1 prefill workloads
start TP=2 r=7 decode/b1_l128_m32_128 expected=2
validated /sgl-workspace/sglang-src/experiment-results/phase5/qwen3_8b_stability/tp2/r7/decode/b1_l128_m32_128: 2 decode workloads
start TP=2 r=7 decode/b1_l2048_m128 expected=1
validated /sgl-workspace/sglang-src/experiment-results/phase5/qwen3_8b_stability/tp2/r7/decode/b1_l2048_m128: 1 decode workloads
start TP=2 r=7 prefill/b8_l128 expected=1
validated /sgl-workspace/sglang-src/experiment-results/phase5/qwen3_8b_stability/tp2/r7/prefill/b8_l128: 1 prefill workloads
start TP=4 r=7 decode/b1_l128_8192_m32_128_512 expected=6
validated /sgl-workspace/sglang-src/experiment-results/phase5/qwen3_8b_stability/tp4/r7/decode/b1_l128_8192_m32_128_512: 6 decode workloads
start TP=4 r=7 decode/b4_l2048_m128 expected=1
validated /sgl-workspace/sglang-src/experiment-results/phase5/qwen3_8b_stability/tp4/r7/decode/b4_l2048_m128: 1 decode workloads
start TP=8 r=7 decode/b1_l128_8192_m32_512 expected=4
validated /sgl-workspace/sglang-src/experiment-results/phase5/qwen3_8b_stability/tp8/r7/decode/b1_l128_8192_m32_512: 4 decode workloads
start TP=8 r=7 decode/b2_l128_8192_m32_128 expected=4
validated /sgl-workspace/sglang-src/experiment-results/phase5/qwen3_8b_stability/tp8/r7/decode/b2_l128_8192_m32_128: 4 decode workloads
start TP=8 r=7 decode/b4_l2048_8192_m32_128_512 expected=6
validated /sgl-workspace/sglang-src/experiment-results/phase5/qwen3_8b_stability/tp8/r7/decode/b4_l2048_8192_m32_128_512: 6 decode workloads
start TP=8 r=7 decode/b8_l8192_m32_512 expected=2
validated /sgl-workspace/sglang-src/experiment-results/phase5/qwen3_8b_stability/tp8/r7/decode/b8_l8192_m32_512: 2 decode workloads
start TP=8 r=7 decode/b16_l128_m128 expected=1
validated /sgl-workspace/sglang-src/experiment-results/phase5/qwen3_8b_stability/tp8/r7/decode/b16_l128_m128: 1 decode workloads
start TP=8 r=7 prefill/b1_l2048 expected=1
validated /sgl-workspace/sglang-src/experiment-results/phase5/qwen3_8b_stability/tp8/r7/prefill/b1_l2048: 1 prefill workloads
start TP=2 r=8 decode/b1_l128_m32_128 expected=2
validated /sgl-workspace/sglang-src/experiment-results/phase5/qwen3_8b_stability/tp2/r8/decode/b1_l128_m32_128: 2 decode workloads
start TP=2 r=8 decode/b1_l2048_m128 expected=1
validated /sgl-workspace/sglang-src/experiment-results/phase5/qwen3_8b_stability/tp2/r8/decode/b1_l2048_m128: 1 decode workloads
start TP=2 r=8 prefill/b8_l128 expected=1
validated /sgl-workspace/sglang-src/experiment-results/phase5/qwen3_8b_stability/tp2/r8/prefill/b8_l128: 1 prefill workloads
start TP=4 r=8 decode/b1_l128_8192_m32_128_512 expected=6
validated /sgl-workspace/sglang-src/experiment-results/phase5/qwen3_8b_stability/tp4/r8/decode/b1_l128_8192_m32_128_512: 6 decode workloads
start TP=4 r=8 decode/b4_l2048_m128 expected=1
validated /sgl-workspace/sglang-src/experiment-results/phase5/qwen3_8b_stability/tp4/r8/decode/b4_l2048_m128: 1 decode workloads
start TP=8 r=8 decode/b1_l128_8192_m32_512 expected=4
validated /sgl-workspace/sglang-src/experiment-results/phase5/qwen3_8b_stability/tp8/r8/decode/b1_l128_8192_m32_512: 4 decode workloads
start TP=8 r=8 decode/b2_l128_8192_m32_128 expected=4
validated /sgl-workspace/sglang-src/experiment-results/phase5/qwen3_8b_stability/tp8/r8/decode/b2_l128_8192_m32_128: 4 decode workloads
start TP=8 r=8 decode/b4_l2048_8192_m32_128_512 expected=6
validated /sgl-workspace/sglang-src/experiment-results/phase5/qwen3_8b_stability/tp8/r8/decode/b4_l2048_8192_m32_128_512: 6 decode workloads
start TP=8 r=8 decode/b8_l8192_m32_512 expected=2
validated /sgl-workspace/sglang-src/experiment-results/phase5/qwen3_8b_stability/tp8/r8/decode/b8_l8192_m32_512: 2 decode workloads
start TP=8 r=8 decode/b16_l128_m128 expected=1
validated /sgl-workspace/sglang-src/experiment-results/phase5/qwen3_8b_stability/tp8/r8/decode/b16_l128_m128: 1 decode workloads
start TP=8 r=8 prefill/b1_l2048 expected=1
validated /sgl-workspace/sglang-src/experiment-results/phase5/qwen3_8b_stability/tp8/r8/prefill/b1_l2048: 1 prefill workloads
start TP=2 r=9 decode/b1_l128_m32_128 expected=2
validated /sgl-workspace/sglang-src/experiment-results/phase5/qwen3_8b_stability/tp2/r9/decode/b1_l128_m32_128: 2 decode workloads
start TP=2 r=9 decode/b1_l2048_m128 expected=1
validated /sgl-workspace/sglang-src/experiment-results/phase5/qwen3_8b_stability/tp2/r9/decode/b1_l2048_m128: 1 decode workloads
start TP=2 r=9 prefill/b8_l128 expected=1
validated /sgl-workspace/sglang-src/experiment-results/phase5/qwen3_8b_stability/tp2/r9/prefill/b8_l128: 1 prefill workloads
start TP=4 r=9 decode/b1_l128_8192_m32_128_512 expected=6
validated /sgl-workspace/sglang-src/experiment-results/phase5/qwen3_8b_stability/tp4/r9/decode/b1_l128_8192_m32_128_512: 6 decode workloads
start TP=4 r=9 decode/b4_l2048_m128 expected=1
validated /sgl-workspace/sglang-src/experiment-results/phase5/qwen3_8b_stability/tp4/r9/decode/b4_l2048_m128: 1 decode workloads
start TP=8 r=9 decode/b1_l128_8192_m32_512 expected=4
validated /sgl-workspace/sglang-src/experiment-results/phase5/qwen3_8b_stability/tp8/r9/decode/b1_l128_8192_m32_512: 4 decode workloads
start TP=8 r=9 decode/b2_l128_8192_m32_128 expected=4
validated /sgl-workspace/sglang-src/experiment-results/phase5/qwen3_8b_stability/tp8/r9/decode/b2_l128_8192_m32_128: 4 decode workloads
start TP=8 r=9 decode/b4_l2048_8192_m32_128_512 expected=6
validated /sgl-workspace/sglang-src/experiment-results/phase5/qwen3_8b_stability/tp8/r9/decode/b4_l2048_8192_m32_128_512: 6 decode workloads
start TP=8 r=9 decode/b8_l8192_m32_512 expected=2
validated /sgl-workspace/sglang-src/experiment-results/phase5/qwen3_8b_stability/tp8/r9/decode/b8_l8192_m32_512: 2 decode workloads
start TP=8 r=9 decode/b16_l128_m128 expected=1
validated /sgl-workspace/sglang-src/experiment-results/phase5/qwen3_8b_stability/tp8/r9/decode/b16_l128_m128: 1 decode workloads
start TP=8 r=9 prefill/b1_l2048 expected=1
validated /sgl-workspace/sglang-src/experiment-results/phase5/qwen3_8b_stability/tp8/r9/prefill/b1_l2048: 1 prefill workloads
