W0806 06:25:06.751000 1400019 torch/distributed/run.py:851] 
W0806 06:25:06.751000 1400019 torch/distributed/run.py:851] *****************************************
W0806 06:25:06.751000 1400019 torch/distributed/run.py:851] Setting OMP_NUM_THREADS environment variable for each process to be 1 in default, to avoid your system being overloaded, please further tune the variable for optimal performance in your application as needed. 
W0806 06:25:06.751000 1400019 torch/distributed/run.py:851] *****************************************
repeat=0 tp=4 op=all_reduce payload=4096 proxy=sglang_custom:one_shot_push observed=sglang_custom:all_reduce_one_shot_push completion_median=21.040 us
repeat=0 tp=4 op=all_reduce payload=8192 proxy=sglang_custom:one_shot_push observed=sglang_custom:all_reduce_one_shot_push completion_median=19.984 us
repeat=0 tp=4 op=all_reduce payload=12288 proxy=sglang_custom:one_shot_push observed=sglang_custom:all_reduce_one_shot_push completion_median=21.600 us
repeat=0 tp=4 op=all_reduce payload=16384 proxy=sglang_custom:one_shot_push observed=sglang_custom:all_reduce_one_shot_push completion_median=20.416 us
repeat=0 tp=4 op=all_reduce payload=20480 proxy=sglang_custom:one_shot_push observed=sglang_custom:all_reduce_one_shot_push completion_median=20.896 us
repeat=0 tp=4 op=all_reduce payload=24576 proxy=sglang_custom:one_shot_push observed=sglang_custom:all_reduce_one_shot_push completion_median=18.672 us
repeat=0 tp=4 op=all_reduce payload=32768 proxy=sglang_custom:one_shot_push observed=sglang_custom:all_reduce_one_shot_push completion_median=20.224 us
repeat=0 tp=4 op=all_reduce payload=40960 proxy=sglang_custom:one_shot_push observed=sglang_custom:all_reduce_one_shot_push completion_median=20.064 us
repeat=0 tp=4 op=all_reduce payload=49152 proxy=sglang_custom:one_shot_push observed=sglang_custom:all_reduce_one_shot_push completion_median=19.264 us
repeat=0 tp=4 op=all_reduce payload=65536 proxy=sglang_custom:one_shot_push observed=sglang_custom:all_reduce_one_shot_push completion_median=22.400 us
repeat=0 tp=4 op=all_reduce payload=131072 proxy=sglang_custom:one_shot_push observed=sglang_custom:all_reduce_one_shot_push completion_median=18.368 us
repeat=0 tp=4 op=all_reduce payload=4190208 proxy=sglang_custom:two_shot_pull observed=sglang_custom:all_reduce_two_shot completion_median=30.064 us
repeat=0 tp=4 op=all_reduce payload=4194304 proxy=sglang_custom:two_shot_pull observed=sglang_custom:all_reduce_two_shot completion_median=32.912 us
repeat=0 tp=4 op=all_reduce payload=8380416 proxy=sglang_custom:two_shot_pull observed=sglang_custom:all_reduce_two_shot completion_median=43.344 us
repeat=0 tp=4 op=all_reduce payload=8388608 proxy=sglang_custom:two_shot_pull observed=sglang_custom:all_reduce_two_shot completion_median=41.808 us
repeat=0 tp=4 op=all_reduce payload=16760832 proxy=sglang_custom:two_shot_pull observed=sglang_custom:all_reduce_two_shot completion_median=67.632 us
repeat=0 tp=4 op=all_reduce payload=16773120 proxy=sglang_custom:two_shot_pull observed=sglang_custom:all_reduce_two_shot completion_median=67.280 us
repeat=0 tp=4 op=all_reduce payload=16777216 proxy=sglang_custom:two_shot_pull observed=sglang_custom:all_reduce_two_shot completion_median=66.815 us
repeat=0 tp=4 op=all_reduce payload=33521664 proxy=nccl:all_reduce observed=nccl:all_reduce completion_median=138.927 us
repeat=0 tp=4 op=all_reduce payload=33546240 proxy=nccl:all_reduce observed=nccl:all_reduce completion_median=134.720 us
repeat=0 tp=4 op=all_reduce payload=33554432 proxy=nccl:all_reduce observed=nccl:all_reduce completion_median=134.144 us
repeat=0 tp=4 op=all_reduce payload=67092480 proxy=nccl:all_reduce observed=nccl:all_reduce completion_median=199.695 us
repeat=0 tp=4 op=all_reduce payload=67108864 proxy=nccl:all_reduce observed=nccl:all_reduce completion_median=200.639 us
repeat=0 tp=4 op=all_reduce payload=134184960 proxy=nccl:all_reduce observed=nccl:all_reduce completion_median=353.166 us
repeat=0 tp=4 op=all_reduce payload=134217728 proxy=nccl:all_reduce observed=nccl:all_reduce completion_median=354.959 us
