start all-rank TP=2 r=0 prefill/b1_l128_2048_8192 expected=3
validated /sgl-workspace/sglang-src/experiment-results/phase5/qwen3_8b_all_rank/tp2/r0/prefill/b1_l128_2048_8192: 3 prefill all-rank workloads
start all-rank TP=2 r=0 decode/b1_l2048_m512 expected=1
validated /sgl-workspace/sglang-src/experiment-results/phase5/qwen3_8b_all_rank/tp2/r0/decode/b1_l2048_m512: 1 decode all-rank workloads
start all-rank TP=2 r=0 decode/b4_l2048_m128 expected=1
validated /sgl-workspace/sglang-src/experiment-results/phase5/qwen3_8b_all_rank/tp2/r0/decode/b4_l2048_m128: 1 decode all-rank workloads
start all-rank TP=2 r=0 decode/b16_l2048_m32 expected=1
validated /sgl-workspace/sglang-src/experiment-results/phase5/qwen3_8b_all_rank/tp2/r0/decode/b16_l2048_m32: 1 decode all-rank workloads
start all-rank TP=2 r=0 prefill/highvar_b8_l128 expected=1
validated /sgl-workspace/sglang-src/experiment-results/phase5/qwen3_8b_all_rank/tp2/r0/prefill/highvar_b8_l128: 1 prefill all-rank workloads
start all-rank TP=2 r=0 decode/highvar_b1_l128_m32_128 expected=2
validated /sgl-workspace/sglang-src/experiment-results/phase5/qwen3_8b_all_rank/tp2/r0/decode/highvar_b1_l128_m32_128: 2 decode all-rank workloads
start all-rank TP=2 r=1 prefill/b1_l128_2048_8192 expected=3
validated /sgl-workspace/sglang-src/experiment-results/phase5/qwen3_8b_all_rank/tp2/r1/prefill/b1_l128_2048_8192: 3 prefill all-rank workloads
start all-rank TP=2 r=1 decode/b1_l2048_m512 expected=1
validated /sgl-workspace/sglang-src/experiment-results/phase5/qwen3_8b_all_rank/tp2/r1/decode/b1_l2048_m512: 1 decode all-rank workloads
start all-rank TP=2 r=1 decode/b4_l2048_m128 expected=1
validated /sgl-workspace/sglang-src/experiment-results/phase5/qwen3_8b_all_rank/tp2/r1/decode/b4_l2048_m128: 1 decode all-rank workloads
start all-rank TP=2 r=1 decode/b16_l2048_m32 expected=1
validated /sgl-workspace/sglang-src/experiment-results/phase5/qwen3_8b_all_rank/tp2/r1/decode/b16_l2048_m32: 1 decode all-rank workloads
start all-rank TP=2 r=1 prefill/highvar_b8_l128 expected=1
validated /sgl-workspace/sglang-src/experiment-results/phase5/qwen3_8b_all_rank/tp2/r1/prefill/highvar_b8_l128: 1 prefill all-rank workloads
start all-rank TP=2 r=1 decode/highvar_b1_l128_m32_128 expected=2
validated /sgl-workspace/sglang-src/experiment-results/phase5/qwen3_8b_all_rank/tp2/r1/decode/highvar_b1_l128_m32_128: 2 decode all-rank workloads
start all-rank TP=2 r=2 prefill/b1_l128_2048_8192 expected=3
validated /sgl-workspace/sglang-src/experiment-results/phase5/qwen3_8b_all_rank/tp2/r2/prefill/b1_l128_2048_8192: 3 prefill all-rank workloads
start all-rank TP=2 r=2 decode/b1_l2048_m512 expected=1
validated /sgl-workspace/sglang-src/experiment-results/phase5/qwen3_8b_all_rank/tp2/r2/decode/b1_l2048_m512: 1 decode all-rank workloads
start all-rank TP=2 r=2 decode/b4_l2048_m128 expected=1
validated /sgl-workspace/sglang-src/experiment-results/phase5/qwen3_8b_all_rank/tp2/r2/decode/b4_l2048_m128: 1 decode all-rank workloads
start all-rank TP=2 r=2 decode/b16_l2048_m32 expected=1
validated /sgl-workspace/sglang-src/experiment-results/phase5/qwen3_8b_all_rank/tp2/r2/decode/b16_l2048_m32: 1 decode all-rank workloads
start all-rank TP=2 r=2 prefill/highvar_b8_l128 expected=1
validated /sgl-workspace/sglang-src/experiment-results/phase5/qwen3_8b_all_rank/tp2/r2/prefill/highvar_b8_l128: 1 prefill all-rank workloads
start all-rank TP=2 r=2 decode/highvar_b1_l128_m32_128 expected=2
validated /sgl-workspace/sglang-src/experiment-results/phase5/qwen3_8b_all_rank/tp2/r2/decode/highvar_b1_l128_m32_128: 2 decode all-rank workloads
start all-rank TP=4 r=0 prefill/b1_l128_2048_8192 expected=3
validated /sgl-workspace/sglang-src/experiment-results/phase5/qwen3_8b_all_rank/tp4/r0/prefill/b1_l128_2048_8192: 3 prefill all-rank workloads
start all-rank TP=4 r=0 decode/b1_l2048_m512 expected=1
validated /sgl-workspace/sglang-src/experiment-results/phase5/qwen3_8b_all_rank/tp4/r0/decode/b1_l2048_m512: 1 decode all-rank workloads
start all-rank TP=4 r=0 decode/b4_l2048_m128 expected=1
validated /sgl-workspace/sglang-src/experiment-results/phase5/qwen3_8b_all_rank/tp4/r0/decode/b4_l2048_m128: 1 decode all-rank workloads
start all-rank TP=4 r=0 decode/b16_l2048_m32 expected=1
validated /sgl-workspace/sglang-src/experiment-results/phase5/qwen3_8b_all_rank/tp4/r0/decode/b16_l2048_m32: 1 decode all-rank workloads
start all-rank TP=4 r=0 decode/highvar_b1_l128_m32_128_512 expected=3
validated /sgl-workspace/sglang-src/experiment-results/phase5/qwen3_8b_all_rank/tp4/r0/decode/highvar_b1_l128_m32_128_512: 3 decode all-rank workloads
start all-rank TP=4 r=1 prefill/b1_l128_2048_8192 expected=3
validated /sgl-workspace/sglang-src/experiment-results/phase5/qwen3_8b_all_rank/tp4/r1/prefill/b1_l128_2048_8192: 3 prefill all-rank workloads
start all-rank TP=4 r=1 decode/b1_l2048_m512 expected=1
validated /sgl-workspace/sglang-src/experiment-results/phase5/qwen3_8b_all_rank/tp4/r1/decode/b1_l2048_m512: 1 decode all-rank workloads
start all-rank TP=4 r=1 decode/b4_l2048_m128 expected=1
validated /sgl-workspace/sglang-src/experiment-results/phase5/qwen3_8b_all_rank/tp4/r1/decode/b4_l2048_m128: 1 decode all-rank workloads
start all-rank TP=4 r=1 decode/b16_l2048_m32 expected=1
validated /sgl-workspace/sglang-src/experiment-results/phase5/qwen3_8b_all_rank/tp4/r1/decode/b16_l2048_m32: 1 decode all-rank workloads
start all-rank TP=4 r=1 decode/highvar_b1_l128_m32_128_512 expected=3
validated /sgl-workspace/sglang-src/experiment-results/phase5/qwen3_8b_all_rank/tp4/r1/decode/highvar_b1_l128_m32_128_512: 3 decode all-rank workloads
start all-rank TP=4 r=2 prefill/b1_l128_2048_8192 expected=3
validated /sgl-workspace/sglang-src/experiment-results/phase5/qwen3_8b_all_rank/tp4/r2/prefill/b1_l128_2048_8192: 3 prefill all-rank workloads
start all-rank TP=4 r=2 decode/b1_l2048_m512 expected=1
validated /sgl-workspace/sglang-src/experiment-results/phase5/qwen3_8b_all_rank/tp4/r2/decode/b1_l2048_m512: 1 decode all-rank workloads
start all-rank TP=4 r=2 decode/b4_l2048_m128 expected=1
validated /sgl-workspace/sglang-src/experiment-results/phase5/qwen3_8b_all_rank/tp4/r2/decode/b4_l2048_m128: 1 decode all-rank workloads
start all-rank TP=4 r=2 decode/b16_l2048_m32 expected=1
validated /sgl-workspace/sglang-src/experiment-results/phase5/qwen3_8b_all_rank/tp4/r2/decode/b16_l2048_m32: 1 decode all-rank workloads
start all-rank TP=4 r=2 decode/highvar_b1_l128_m32_128_512 expected=3
validated /sgl-workspace/sglang-src/experiment-results/phase5/qwen3_8b_all_rank/tp4/r2/decode/highvar_b1_l128_m32_128_512: 3 decode all-rank workloads
start all-rank TP=8 r=0 prefill/b1_l128_2048_8192 expected=3
validated /sgl-workspace/sglang-src/experiment-results/phase5/qwen3_8b_all_rank/tp8/r0/prefill/b1_l128_2048_8192: 3 prefill all-rank workloads
start all-rank TP=8 r=0 decode/b1_l2048_m512 expected=1
validated /sgl-workspace/sglang-src/experiment-results/phase5/qwen3_8b_all_rank/tp8/r0/decode/b1_l2048_m512: 1 decode all-rank workloads
start all-rank TP=8 r=0 decode/b4_l2048_m128 expected=1
validated /sgl-workspace/sglang-src/experiment-results/phase5/qwen3_8b_all_rank/tp8/r0/decode/b4_l2048_m128: 1 decode all-rank workloads
start all-rank TP=8 r=0 decode/b16_l2048_m32 expected=1
validated /sgl-workspace/sglang-src/experiment-results/phase5/qwen3_8b_all_rank/tp8/r0/decode/b16_l2048_m32: 1 decode all-rank workloads
start all-rank TP=8 r=0 decode/highvar_b1_l128_m32_512 expected=2
validated /sgl-workspace/sglang-src/experiment-results/phase5/qwen3_8b_all_rank/tp8/r0/decode/highvar_b1_l128_m32_512: 2 decode all-rank workloads
start all-rank TP=8 r=0 decode/highvar_b2_l8192_m32 expected=1
validated /sgl-workspace/sglang-src/experiment-results/phase5/qwen3_8b_all_rank/tp8/r0/decode/highvar_b2_l8192_m32: 1 decode all-rank workloads
start all-rank TP=8 r=0 decode/highvar_b8_l8192_m32 expected=1
validated /sgl-workspace/sglang-src/experiment-results/phase5/qwen3_8b_all_rank/tp8/r0/decode/highvar_b8_l8192_m32: 1 decode all-rank workloads
start all-rank TP=8 r=0 decode/highvar_b16_l128_m128 expected=1
validated /sgl-workspace/sglang-src/experiment-results/phase5/qwen3_8b_all_rank/tp8/r0/decode/highvar_b16_l128_m128: 1 decode all-rank workloads
start all-rank TP=8 r=1 prefill/b1_l128_2048_8192 expected=3
validated /sgl-workspace/sglang-src/experiment-results/phase5/qwen3_8b_all_rank/tp8/r1/prefill/b1_l128_2048_8192: 3 prefill all-rank workloads
start all-rank TP=8 r=1 decode/b1_l2048_m512 expected=1
validated /sgl-workspace/sglang-src/experiment-results/phase5/qwen3_8b_all_rank/tp8/r1/decode/b1_l2048_m512: 1 decode all-rank workloads
start all-rank TP=8 r=1 decode/b4_l2048_m128 expected=1
validated /sgl-workspace/sglang-src/experiment-results/phase5/qwen3_8b_all_rank/tp8/r1/decode/b4_l2048_m128: 1 decode all-rank workloads
start all-rank TP=8 r=1 decode/b16_l2048_m32 expected=1
validated /sgl-workspace/sglang-src/experiment-results/phase5/qwen3_8b_all_rank/tp8/r1/decode/b16_l2048_m32: 1 decode all-rank workloads
start all-rank TP=8 r=1 decode/highvar_b1_l128_m32_512 expected=2
validated /sgl-workspace/sglang-src/experiment-results/phase5/qwen3_8b_all_rank/tp8/r1/decode/highvar_b1_l128_m32_512: 2 decode all-rank workloads
start all-rank TP=8 r=1 decode/highvar_b2_l8192_m32 expected=1
validated /sgl-workspace/sglang-src/experiment-results/phase5/qwen3_8b_all_rank/tp8/r1/decode/highvar_b2_l8192_m32: 1 decode all-rank workloads
start all-rank TP=8 r=1 decode/highvar_b8_l8192_m32 expected=1
validated /sgl-workspace/sglang-src/experiment-results/phase5/qwen3_8b_all_rank/tp8/r1/decode/highvar_b8_l8192_m32: 1 decode all-rank workloads
start all-rank TP=8 r=1 decode/highvar_b16_l128_m128 expected=1
validated /sgl-workspace/sglang-src/experiment-results/phase5/qwen3_8b_all_rank/tp8/r1/decode/highvar_b16_l128_m128: 1 decode all-rank workloads
start all-rank TP=8 r=2 prefill/b1_l128_2048_8192 expected=3
validated /sgl-workspace/sglang-src/experiment-results/phase5/qwen3_8b_all_rank/tp8/r2/prefill/b1_l128_2048_8192: 3 prefill all-rank workloads
start all-rank TP=8 r=2 decode/b1_l2048_m512 expected=1
validated /sgl-workspace/sglang-src/experiment-results/phase5/qwen3_8b_all_rank/tp8/r2/decode/b1_l2048_m512: 1 decode all-rank workloads
start all-rank TP=8 r=2 decode/b4_l2048_m128 expected=1
validated /sgl-workspace/sglang-src/experiment-results/phase5/qwen3_8b_all_rank/tp8/r2/decode/b4_l2048_m128: 1 decode all-rank workloads
start all-rank TP=8 r=2 decode/b16_l2048_m32 expected=1
validated /sgl-workspace/sglang-src/experiment-results/phase5/qwen3_8b_all_rank/tp8/r2/decode/b16_l2048_m32: 1 decode all-rank workloads
start all-rank TP=8 r=2 decode/highvar_b1_l128_m32_512 expected=2
validated /sgl-workspace/sglang-src/experiment-results/phase5/qwen3_8b_all_rank/tp8/r2/decode/highvar_b1_l128_m32_512: 2 decode all-rank workloads
start all-rank TP=8 r=2 decode/highvar_b2_l8192_m32 expected=1
validated /sgl-workspace/sglang-src/experiment-results/phase5/qwen3_8b_all_rank/tp8/r2/decode/highvar_b2_l8192_m32: 1 decode all-rank workloads
start all-rank TP=8 r=2 decode/highvar_b8_l8192_m32 expected=1
validated /sgl-workspace/sglang-src/experiment-results/phase5/qwen3_8b_all_rank/tp8/r2/decode/highvar_b8_l8192_m32: 1 decode all-rank workloads
start all-rank TP=8 r=2 decode/highvar_b16_l128_m128 expected=1
validated /sgl-workspace/sglang-src/experiment-results/phase5/qwen3_8b_all_rank/tp8/r2/decode/highvar_b16_l128_m128: 1 decode all-rank workloads
