W0806 06:32:30.881000 1406836 torch/distributed/run.py:851] 
W0806 06:32:30.881000 1406836 torch/distributed/run.py:851] *****************************************
W0806 06:32:30.881000 1406836 torch/distributed/run.py:851] Setting OMP_NUM_THREADS environment variable for each process to be 1 in default, to avoid your system being overloaded, please further tune the variable for optimal performance in your application as needed. 
W0806 06:32:30.881000 1406836 torch/distributed/run.py:851] *****************************************
repeat=4 tp=8 op=all_reduce payload=4096 proxy=sglang_custom:one_shot_push observed=sglang_custom:all_reduce_one_shot_push completion_median=27.488 us
repeat=4 tp=8 op=all_reduce payload=8192 proxy=sglang_custom:one_shot_push observed=sglang_custom:all_reduce_one_shot_push completion_median=29.568 us
repeat=4 tp=8 op=all_reduce payload=12288 proxy=sglang_custom:one_shot_push observed=sglang_custom:all_reduce_one_shot_push completion_median=28.736 us
repeat=4 tp=8 op=all_reduce payload=16384 proxy=sglang_custom:one_shot_push observed=sglang_custom:all_reduce_one_shot_push completion_median=28.448 us
repeat=4 tp=8 op=all_reduce payload=20480 proxy=sglang_custom:one_shot_push observed=sglang_custom:all_reduce_one_shot_push completion_median=31.168 us
repeat=4 tp=8 op=all_reduce payload=24576 proxy=sglang_custom:one_shot_push observed=sglang_custom:all_reduce_one_shot_push completion_median=30.016 us
repeat=4 tp=8 op=all_reduce payload=32768 proxy=sglang_custom:one_shot_push observed=sglang_custom:all_reduce_one_shot_push completion_median=28.879 us
repeat=4 tp=8 op=all_reduce payload=40960 proxy=sglang_custom:one_shot_push observed=sglang_custom:all_reduce_one_shot_push completion_median=30.608 us
repeat=4 tp=8 op=all_reduce payload=49152 proxy=sglang_custom:one_shot_push observed=sglang_custom:all_reduce_one_shot_push completion_median=31.024 us
repeat=4 tp=8 op=all_reduce payload=65536 proxy=sglang_custom:one_shot_push observed=sglang_custom:all_reduce_one_shot_push completion_median=28.256 us
repeat=4 tp=8 op=all_reduce payload=131072 proxy=sglang_custom:one_shot_push observed=sglang_custom:all_reduce_one_shot_push completion_median=31.232 us
repeat=4 tp=8 op=all_reduce payload=4190208 proxy=sglang_custom:two_shot_pull observed=sglang_custom:all_reduce_two_shot completion_median=44.880 us
repeat=4 tp=8 op=all_reduce payload=4194304 proxy=sglang_custom:two_shot_pull observed=sglang_custom:all_reduce_two_shot completion_median=42.640 us
repeat=4 tp=8 op=all_reduce payload=8380416 proxy=sglang_custom:two_shot_pull observed=sglang_custom:all_reduce_two_shot completion_median=56.304 us
repeat=4 tp=8 op=all_reduce payload=8388608 proxy=sglang_custom:two_shot_pull observed=sglang_custom:all_reduce_two_shot completion_median=55.056 us
repeat=4 tp=8 op=all_reduce payload=16760832 proxy=sglang_custom:two_shot_pull observed=sglang_custom:all_reduce_two_shot completion_median=77.967 us
repeat=4 tp=8 op=all_reduce payload=16773120 proxy=sglang_custom:two_shot_pull observed=sglang_custom:all_reduce_two_shot completion_median=80.304 us
repeat=4 tp=8 op=all_reduce payload=16777216 proxy=sglang_custom:two_shot_pull observed=sglang_custom:all_reduce_two_shot completion_median=76.096 us
repeat=4 tp=8 op=all_reduce payload=33521664 proxy=nccl:all_reduce observed=nccl:all_reduce completion_median=185.808 us
repeat=4 tp=8 op=all_reduce payload=33546240 proxy=nccl:all_reduce observed=nccl:all_reduce completion_median=176.175 us
repeat=4 tp=8 op=all_reduce payload=33554432 proxy=nccl:all_reduce observed=nccl:all_reduce completion_median=174.432 us
repeat=4 tp=8 op=all_reduce payload=67092480 proxy=nccl:all_reduce observed=nccl:all_reduce completion_median=288.127 us
repeat=4 tp=8 op=all_reduce payload=67108864 proxy=nccl:all_reduce observed=nccl:all_reduce completion_median=288.735 us
repeat=4 tp=8 op=all_reduce payload=134184960 proxy=nccl:all_reduce observed=nccl:all_reduce completion_median=407.583 us
repeat=4 tp=8 op=all_reduce payload=134217728 proxy=nccl:all_reduce observed=nccl:all_reduce completion_median=405.823 us
