W0806 06:42:47.150000 1410638 torch/distributed/run.py:851] 
W0806 06:42:47.150000 1410638 torch/distributed/run.py:851] *****************************************
W0806 06:42:47.150000 1410638 torch/distributed/run.py:851] Setting OMP_NUM_THREADS environment variable for each process to be 1 in default, to avoid your system being overloaded, please further tune the variable for optimal performance in your application as needed. 
W0806 06:42:47.150000 1410638 torch/distributed/run.py:851] *****************************************
repeat=0 tp=4 op=all_reduce payload=4096 proxy=sglang_custom:one_shot_push observed=sglang_custom:all_reduce_one_shot_push post_median=5.750 us
repeat=0 tp=4 op=all_reduce payload=8192 proxy=sglang_custom:one_shot_push observed=sglang_custom:all_reduce_one_shot_push post_median=7.250 us
repeat=0 tp=4 op=all_reduce payload=12288 proxy=sglang_custom:one_shot_push observed=sglang_custom:all_reduce_one_shot_push post_median=7.000 us
repeat=0 tp=4 op=all_reduce payload=16384 proxy=sglang_custom:one_shot_push observed=sglang_custom:all_reduce_one_shot_push post_median=7.000 us
repeat=0 tp=4 op=all_reduce payload=20480 proxy=sglang_custom:one_shot_push observed=sglang_custom:all_reduce_one_shot_push post_median=7.250 us
repeat=0 tp=4 op=all_reduce payload=24576 proxy=sglang_custom:one_shot_push observed=sglang_custom:all_reduce_one_shot_push post_median=7.000 us
repeat=0 tp=4 op=all_reduce payload=32768 proxy=sglang_custom:one_shot_push observed=sglang_custom:all_reduce_one_shot_push post_median=7.000 us
repeat=0 tp=4 op=all_reduce payload=40960 proxy=sglang_custom:one_shot_push observed=sglang_custom:all_reduce_one_shot_push post_median=7.000 us
repeat=0 tp=4 op=all_reduce payload=49152 proxy=sglang_custom:one_shot_push observed=sglang_custom:all_reduce_one_shot_push post_median=7.250 us
repeat=0 tp=4 op=all_reduce payload=65536 proxy=sglang_custom:one_shot_push observed=sglang_custom:all_reduce_one_shot_push post_median=7.250 us
repeat=0 tp=4 op=all_reduce payload=131072 proxy=sglang_custom:one_shot_push observed=sglang_custom:all_reduce_one_shot_push post_median=7.750 us
repeat=0 tp=4 op=all_reduce payload=4190208 proxy=sglang_custom:two_shot_pull observed=sglang_custom:all_reduce_two_shot post_median=18.500 us
repeat=0 tp=4 op=all_reduce payload=4194304 proxy=sglang_custom:two_shot_pull observed=sglang_custom:all_reduce_two_shot post_median=18.500 us
repeat=0 tp=4 op=all_reduce payload=8380416 proxy=sglang_custom:two_shot_pull observed=sglang_custom:all_reduce_two_shot post_median=28.250 us
repeat=0 tp=4 op=all_reduce payload=8388608 proxy=sglang_custom:two_shot_pull observed=sglang_custom:all_reduce_two_shot post_median=28.250 us
repeat=0 tp=4 op=all_reduce payload=16760832 proxy=sglang_custom:two_shot_pull observed=sglang_custom:all_reduce_two_shot post_median=47.500 us
repeat=0 tp=4 op=all_reduce payload=16773120 proxy=sglang_custom:two_shot_pull observed=sglang_custom:all_reduce_two_shot post_median=47.500 us
repeat=0 tp=4 op=all_reduce payload=16777216 proxy=sglang_custom:two_shot_pull observed=sglang_custom:all_reduce_two_shot post_median=47.500 us
repeat=0 tp=4 op=all_reduce payload=33521664 proxy=nccl:all_reduce observed=nccl:all_reduce post_median=118.000 us
repeat=0 tp=4 op=all_reduce payload=33546240 proxy=nccl:all_reduce observed=nccl:all_reduce post_median=118.000 us
repeat=0 tp=4 op=all_reduce payload=33554432 proxy=nccl:all_reduce observed=nccl:all_reduce post_median=117.750 us
repeat=0 tp=4 op=all_reduce payload=67092480 proxy=nccl:all_reduce observed=nccl:all_reduce post_median=182.000 us
repeat=0 tp=4 op=all_reduce payload=67108864 proxy=nccl:all_reduce observed=nccl:all_reduce post_median=182.250 us
repeat=0 tp=4 op=all_reduce payload=134184960 proxy=nccl:all_reduce observed=nccl:all_reduce post_median=348.750 us
repeat=0 tp=4 op=all_reduce payload=134217728 proxy=nccl:all_reduce observed=nccl:all_reduce post_median=349.000 us
