W0806 06:30:32.941000 1404855 torch/distributed/run.py:851] 
W0806 06:30:32.941000 1404855 torch/distributed/run.py:851] *****************************************
W0806 06:30:32.941000 1404855 torch/distributed/run.py:851] Setting OMP_NUM_THREADS environment variable for each process to be 1 in default, to avoid your system being overloaded, please further tune the variable for optimal performance in your application as needed. 
W0806 06:30:32.941000 1404855 torch/distributed/run.py:851] *****************************************
repeat=2 tp=8 op=all_reduce payload=4096 proxy=sglang_custom:one_shot_push observed=sglang_custom:all_reduce_one_shot_push completion_median=23.936 us
repeat=2 tp=8 op=all_reduce payload=8192 proxy=sglang_custom:one_shot_push observed=sglang_custom:all_reduce_one_shot_push completion_median=23.855 us
repeat=2 tp=8 op=all_reduce payload=12288 proxy=sglang_custom:one_shot_push observed=sglang_custom:all_reduce_one_shot_push completion_median=24.544 us
repeat=2 tp=8 op=all_reduce payload=16384 proxy=sglang_custom:one_shot_push observed=sglang_custom:all_reduce_one_shot_push completion_median=25.615 us
repeat=2 tp=8 op=all_reduce payload=20480 proxy=sglang_custom:one_shot_push observed=sglang_custom:all_reduce_one_shot_push completion_median=25.872 us
repeat=2 tp=8 op=all_reduce payload=24576 proxy=sglang_custom:one_shot_push observed=sglang_custom:all_reduce_one_shot_push completion_median=25.456 us
repeat=2 tp=8 op=all_reduce payload=32768 proxy=sglang_custom:one_shot_push observed=sglang_custom:all_reduce_one_shot_push completion_median=24.656 us
repeat=2 tp=8 op=all_reduce payload=40960 proxy=sglang_custom:one_shot_push observed=sglang_custom:all_reduce_one_shot_push completion_median=28.624 us
repeat=2 tp=8 op=all_reduce payload=49152 proxy=sglang_custom:one_shot_push observed=sglang_custom:all_reduce_one_shot_push completion_median=28.816 us
repeat=2 tp=8 op=all_reduce payload=65536 proxy=sglang_custom:one_shot_push observed=sglang_custom:all_reduce_one_shot_push completion_median=31.360 us
repeat=2 tp=8 op=all_reduce payload=131072 proxy=sglang_custom:one_shot_push observed=sglang_custom:all_reduce_one_shot_push completion_median=32.976 us
repeat=2 tp=8 op=all_reduce payload=4190208 proxy=sglang_custom:two_shot_pull observed=sglang_custom:all_reduce_two_shot completion_median=50.064 us
repeat=2 tp=8 op=all_reduce payload=4194304 proxy=sglang_custom:two_shot_pull observed=sglang_custom:all_reduce_two_shot completion_median=45.712 us
repeat=2 tp=8 op=all_reduce payload=8380416 proxy=sglang_custom:two_shot_pull observed=sglang_custom:all_reduce_two_shot completion_median=58.064 us
repeat=2 tp=8 op=all_reduce payload=8388608 proxy=sglang_custom:two_shot_pull observed=sglang_custom:all_reduce_two_shot completion_median=58.640 us
repeat=2 tp=8 op=all_reduce payload=16760832 proxy=sglang_custom:two_shot_pull observed=sglang_custom:all_reduce_two_shot completion_median=81.568 us
repeat=2 tp=8 op=all_reduce payload=16773120 proxy=sglang_custom:two_shot_pull observed=sglang_custom:all_reduce_two_shot completion_median=78.672 us
repeat=2 tp=8 op=all_reduce payload=16777216 proxy=sglang_custom:two_shot_pull observed=sglang_custom:all_reduce_two_shot completion_median=79.440 us
repeat=2 tp=8 op=all_reduce payload=33521664 proxy=nccl:all_reduce observed=nccl:all_reduce completion_median=190.303 us
repeat=2 tp=8 op=all_reduce payload=33546240 proxy=nccl:all_reduce observed=nccl:all_reduce completion_median=178.127 us
repeat=2 tp=8 op=all_reduce payload=33554432 proxy=nccl:all_reduce observed=nccl:all_reduce completion_median=177.807 us
repeat=2 tp=8 op=all_reduce payload=67092480 proxy=nccl:all_reduce observed=nccl:all_reduce completion_median=295.631 us
repeat=2 tp=8 op=all_reduce payload=67108864 proxy=nccl:all_reduce observed=nccl:all_reduce completion_median=290.655 us
repeat=2 tp=8 op=all_reduce payload=134184960 proxy=nccl:all_reduce observed=nccl:all_reduce completion_median=415.951 us
repeat=2 tp=8 op=all_reduce payload=134217728 proxy=nccl:all_reduce observed=nccl:all_reduce completion_median=414.527 us
