start TP=2 op=all_reduce repeat=0 attempt=1
W0728 16:16:59.785000 257061 torch/distributed/run.py:851]
W0728 16:16:59.785000 257061 torch/distributed/run.py:851] *****************************************
W0728 16:16:59.785000 257061 torch/distributed/run.py:851] Setting OMP_NUM_THREADS environment variable for each process to be 1 in default, to avoid your system being overloaded, please further tune the variable for optimal performance in your application as needed.
W0728 16:16:59.785000 257061 torch/distributed/run.py:851] *****************************************
repeat=0 op=all_reduce payload=1024 median=41.456 us p95=52.522 us alg_bw=0.02 GB/s
repeat=0 op=all_reduce payload=2048 median=43.408 us p95=61.541 us alg_bw=0.05 GB/s
repeat=0 op=all_reduce payload=4096 median=43.648 us p95=62.448 us alg_bw=0.09 GB/s
repeat=0 op=all_reduce payload=8192 median=43.408 us p95=58.098 us alg_bw=0.19 GB/s
repeat=0 op=all_reduce payload=16384 median=42.512 us p95=53.768 us alg_bw=0.39 GB/s
repeat=0 op=all_reduce payload=32768 median=43.504 us p95=56.835 us alg_bw=0.75 GB/s
repeat=0 op=all_reduce payload=49152 median=45.344 us p95=60.901 us alg_bw=1.08 GB/s
repeat=0 op=all_reduce payload=65536 median=46.336 us p95=59.920 us alg_bw=1.41 GB/s
repeat=0 op=all_reduce payload=131072 median=43.744 us p95=49.770 us alg_bw=3.00 GB/s
repeat=0 op=all_reduce payload=262144 median=43.056 us p95=49.685 us alg_bw=6.09 GB/s
repeat=0 op=all_reduce payload=524288 median=43.952 us p95=51.781 us alg_bw=11.93 GB/s
repeat=0 op=all_reduce payload=1048576 median=43.408 us p95=52.133 us alg_bw=24.16 GB/s
repeat=0 op=all_reduce payload=2097152 median=43.504 us p95=51.424 us alg_bw=48.21 GB/s
repeat=0 op=all_reduce payload=4194304 median=45.424 us p95=53.840 us alg_bw=92.34 GB/s
repeat=0 op=all_reduce payload=8388608 median=47.760 us p95=51.712 us alg_bw=175.64 GB/s
repeat=0 op=all_reduce payload=16777216 median=58.912 us p95=61.026 us alg_bw=284.78 GB/s
repeat=0 op=all_reduce payload=33554432 median=87.456 us p95=89.478 us alg_bw=383.67 GB/s
repeat=0 op=all_reduce payload=67108864 median=155.232 us p95=159.106 us alg_bw=432.31 GB/s
repeat=0 op=all_reduce payload=134217728 median=284.048 us p95=287.074 us alg_bw=472.52 GB/s
complete TP=2 op=all_reduce repeat=0
start TP=2 op=all_gather repeat=0 attempt=1
W0728 16:17:07.096000 257156 torch/distributed/run.py:851]
W0728 16:17:07.096000 257156 torch/distributed/run.py:851] *****************************************
W0728 16:17:07.096000 257156 torch/distributed/run.py:851] Setting OMP_NUM_THREADS environment variable for each process to be 1 in default, to avoid your system being overloaded, please further tune the variable for optimal performance in your application as needed.
W0728 16:17:07.096000 257156 torch/distributed/run.py:851] *****************************************
repeat=0 op=all_gather payload=1024 median=44.640 us p95=53.854 us alg_bw=0.02 GB/s
repeat=0 op=all_gather payload=2048 median=41.504 us p95=53.934 us alg_bw=0.05 GB/s
repeat=0 op=all_gather payload=4096 median=41.520 us p95=53.800 us alg_bw=0.10 GB/s
repeat=0 op=all_gather payload=8192 median=41.472 us p95=56.880 us alg_bw=0.20 GB/s
repeat=0 op=all_gather payload=16384 median=41.488 us p95=53.862 us alg_bw=0.39 GB/s
repeat=0 op=all_gather payload=32768 median=41.616 us p95=56.766 us alg_bw=0.79 GB/s
repeat=0 op=all_gather payload=49152 median=41.568 us p95=56.771 us alg_bw=1.18 GB/s
repeat=0 op=all_gather payload=65536 median=41.536 us p95=57.842 us alg_bw=1.58 GB/s
repeat=0 op=all_gather payload=131072 median=41.344 us p95=53.986 us alg_bw=3.17 GB/s
repeat=0 op=all_gather payload=262144 median=43.520 us p95=52.664 us alg_bw=6.02 GB/s
repeat=0 op=all_gather payload=524288 median=44.544 us p95=57.824 us alg_bw=11.77 GB/s
repeat=0 op=all_gather payload=1048576 median=40.240 us p95=49.587 us alg_bw=26.06 GB/s
repeat=0 op=all_gather payload=2097152 median=43.488 us p95=50.771 us alg_bw=48.22 GB/s
repeat=0 op=all_gather payload=4194304 median=44.416 us p95=120.547 us alg_bw=94.43 GB/s
repeat=0 op=all_gather payload=8388608 median=43.744 us p95=53.696 us alg_bw=191.77 GB/s
repeat=0 op=all_gather payload=16777216 median=43.488 us p95=47.738 us alg_bw=385.79 GB/s
repeat=0 op=all_gather payload=33554432 median=60.896 us p95=61.861 us alg_bw=551.01 GB/s
repeat=0 op=all_gather payload=67108864 median=103.728 us p95=105.954 us alg_bw=646.97 GB/s
repeat=0 op=all_gather payload=134217728 median=179.536 us p95=181.760 us alg_bw=747.58 GB/s
complete TP=2 op=all_gather repeat=0
start TP=2 op=all_reduce repeat=1 attempt=1
W0728 16:17:14.528000 257252 torch/distributed/run.py:851]
W0728 16:17:14.528000 257252 torch/distributed/run.py:851] *****************************************
W0728 16:17:14.528000 257252 torch/distributed/run.py:851] Setting OMP_NUM_THREADS environment variable for each process to be 1 in default, to avoid your system being overloaded, please further tune the variable for optimal performance in your application as needed.
W0728 16:17:14.528000 257252 torch/distributed/run.py:851] *****************************************
repeat=1 op=all_reduce payload=1024 median=41.632 us p95=47.173 us alg_bw=0.02 GB/s
repeat=1 op=all_reduce payload=2048 median=43.488 us p95=64.627 us alg_bw=0.05 GB/s
repeat=1 op=all_reduce payload=4096 median=44.272 us p95=59.838 us alg_bw=0.09 GB/s
repeat=1 op=all_reduce payload=8192 median=44.416 us p95=58.642 us alg_bw=0.18 GB/s
repeat=1 op=all_reduce payload=16384 median=43.376 us p95=57.706 us alg_bw=0.38 GB/s
repeat=1 op=all_reduce payload=32768 median=45.392 us p95=56.187 us alg_bw=0.72 GB/s
repeat=1 op=all_reduce payload=49152 median=44.864 us p95=59.022 us alg_bw=1.10 GB/s
repeat=1 op=all_reduce payload=65536 median=43.392 us p95=52.994 us alg_bw=1.51 GB/s
repeat=1 op=all_reduce payload=131072 median=43.392 us p95=53.944 us alg_bw=3.02 GB/s
repeat=1 op=all_reduce payload=262144 median=45.440 us p95=59.754 us alg_bw=5.77 GB/s
repeat=1 op=all_reduce payload=524288 median=46.384 us p95=56.862 us alg_bw=11.30 GB/s
repeat=1 op=all_reduce payload=1048576 median=46.528 us p95=57.138 us alg_bw=22.54 GB/s
repeat=1 op=all_reduce payload=2097152 median=45.440 us p95=56.803 us alg_bw=46.15 GB/s
repeat=1 op=all_reduce payload=4194304 median=45.568 us p95=56.685 us alg_bw=92.04 GB/s
repeat=1 op=all_reduce payload=8388608 median=47.616 us p95=50.034 us alg_bw=176.17 GB/s
repeat=1 op=all_reduce payload=16777216 median=58.832 us p95=60.960 us alg_bw=285.17 GB/s
repeat=1 op=all_reduce payload=33554432 median=87.360 us p95=89.378 us alg_bw=384.09 GB/s
repeat=1 op=all_reduce payload=67108864 median=155.232 us p95=159.013 us alg_bw=432.31 GB/s
repeat=1 op=all_reduce payload=134217728 median=284.016 us p95=286.118 us alg_bw=472.57 GB/s
complete TP=2 op=all_reduce repeat=1
start TP=2 op=all_gather repeat=1 attempt=1
W0728 16:17:21.870000 257347 torch/distributed/run.py:851]
W0728 16:17:21.870000 257347 torch/distributed/run.py:851] *****************************************
W0728 16:17:21.870000 257347 torch/distributed/run.py:851] Setting OMP_NUM_THREADS environment variable for each process to be 1 in default, to avoid your system being overloaded, please further tune the variable for optimal performance in your application as needed.
W0728 16:17:21.870000 257347 torch/distributed/run.py:851] *****************************************
repeat=1 op=all_gather payload=1024 median=43.600 us p95=60.978 us alg_bw=0.02 GB/s
repeat=1 op=all_gather payload=2048 median=42.192 us p95=57.693 us alg_bw=0.05 GB/s
repeat=1 op=all_gather payload=4096 median=43.504 us p95=56.632 us alg_bw=0.09 GB/s
repeat=1 op=all_gather payload=8192 median=42.272 us p95=52.893 us alg_bw=0.19 GB/s
repeat=1 op=all_gather payload=16384 median=42.496 us p95=55.778 us alg_bw=0.39 GB/s
repeat=1 op=all_gather payload=32768 median=42.688 us p95=54.810 us alg_bw=0.77 GB/s
repeat=1 op=all_gather payload=49152 median=43.296 us p95=53.606 us alg_bw=1.14 GB/s
repeat=1 op=all_gather payload=65536 median=42.512 us p95=53.862 us alg_bw=1.54 GB/s
repeat=1 op=all_gather payload=131072 median=42.464 us p95=50.594 us alg_bw=3.09 GB/s
repeat=1 op=all_gather payload=262144 median=42.576 us p95=49.918 us alg_bw=6.16 GB/s
repeat=1 op=all_gather payload=524288 median=43.536 us p95=53.760 us alg_bw=12.04 GB/s
repeat=1 op=all_gather payload=1048576 median=42.496 us p95=53.923 us alg_bw=24.67 GB/s
repeat=1 op=all_gather payload=2097152 median=43.568 us p95=52.781 us alg_bw=48.14 GB/s
repeat=1 op=all_gather payload=4194304 median=43.520 us p95=52.693 us alg_bw=96.38 GB/s
repeat=1 op=all_gather payload=8388608 median=44.576 us p95=52.688 us alg_bw=188.19 GB/s
repeat=1 op=all_gather payload=16777216 median=43.616 us p95=50.611 us alg_bw=384.66 GB/s
repeat=1 op=all_gather payload=33554432 median=60.896 us p95=62.850 us alg_bw=551.01 GB/s
repeat=1 op=all_gather payload=67108864 median=103.808 us p95=106.213 us alg_bw=646.47 GB/s
repeat=1 op=all_gather payload=134217728 median=179.328 us p95=181.602 us alg_bw=748.45 GB/s
complete TP=2 op=all_gather repeat=1
start TP=2 op=all_reduce repeat=2 attempt=1
W0728 16:17:29.173000 257443 torch/distributed/run.py:851]
W0728 16:17:29.173000 257443 torch/distributed/run.py:851] *****************************************
W0728 16:17:29.173000 257443 torch/distributed/run.py:851] Setting OMP_NUM_THREADS environment variable for each process to be 1 in default, to avoid your system being overloaded, please further tune the variable for optimal performance in your application as needed.
W0728 16:17:29.173000 257443 torch/distributed/run.py:851] *****************************************
repeat=2 op=all_reduce payload=1024 median=38.400 us p95=51.350 us alg_bw=0.03 GB/s
repeat=2 op=all_reduce payload=2048 median=44.416 us p95=65.067 us alg_bw=0.05 GB/s
repeat=2 op=all_reduce payload=4096 median=43.488 us p95=56.485 us alg_bw=0.09 GB/s
repeat=2 op=all_reduce payload=8192 median=45.648 us p95=65.026 us alg_bw=0.18 GB/s
repeat=2 op=all_reduce payload=16384 median=44.176 us p95=56.102 us alg_bw=0.37 GB/s
repeat=2 op=all_reduce payload=32768 median=43.520 us p95=55.834 us alg_bw=0.75 GB/s
repeat=2 op=all_reduce payload=49152 median=41.264 us p95=51.714 us alg_bw=1.19 GB/s
repeat=2 op=all_reduce payload=65536 median=41.344 us p95=50.686 us alg_bw=1.59 GB/s
repeat=2 op=all_reduce payload=131072 median=42.448 us p95=49.122 us alg_bw=3.09 GB/s
repeat=2 op=all_reduce payload=262144 median=39.344 us p95=52.366 us alg_bw=6.66 GB/s
repeat=2 op=all_reduce payload=524288 median=44.896 us p95=58.048 us alg_bw=11.68 GB/s
repeat=2 op=all_reduce payload=1048576 median=45.408 us p95=56.096 us alg_bw=23.09 GB/s
repeat=2 op=all_reduce payload=2097152 median=45.616 us p95=58.901 us alg_bw=45.97 GB/s
repeat=2 op=all_reduce payload=4194304 median=47.040 us p95=56.966 us alg_bw=89.16 GB/s
repeat=2 op=all_reduce payload=8388608 median=47.616 us p95=54.758 us alg_bw=176.17 GB/s
repeat=2 op=all_reduce payload=16777216 median=58.880 us p95=61.024 us alg_bw=284.94 GB/s
repeat=2 op=all_reduce payload=33554432 median=87.312 us p95=88.586 us alg_bw=384.30 GB/s
repeat=2 op=all_reduce payload=67108864 median=155.184 us p95=159.106 us alg_bw=432.45 GB/s
repeat=2 op=all_reduce payload=134217728 median=284.768 us p95=288.131 us alg_bw=471.32 GB/s
complete TP=2 op=all_reduce repeat=2
start TP=2 op=all_gather repeat=2 attempt=1
W0728 16:17:36.300000 257538 torch/distributed/run.py:851]
W0728 16:17:36.300000 257538 torch/distributed/run.py:851] *****************************************
W0728 16:17:36.300000 257538 torch/distributed/run.py:851] Setting OMP_NUM_THREADS environment variable for each process to be 1 in default, to avoid your system being overloaded, please further tune the variable for optimal performance in your application as needed.
W0728 16:17:36.300000 257538 torch/distributed/run.py:851] *****************************************
repeat=2 op=all_gather payload=1024 median=44.128 us p95=59.534 us alg_bw=0.02 GB/s
repeat=2 op=all_gather payload=2048 median=42.480 us p95=56.424 us alg_bw=0.05 GB/s
repeat=2 op=all_gather payload=4096 median=42.848 us p95=56.426 us alg_bw=0.10 GB/s
repeat=2 op=all_gather payload=8192 median=43.440 us p95=58.765 us alg_bw=0.19 GB/s
repeat=2 op=all_gather payload=16384 median=40.224 us p95=49.699 us alg_bw=0.41 GB/s
repeat=2 op=all_gather payload=32768 median=41.440 us p95=53.144 us alg_bw=0.79 GB/s
repeat=2 op=all_gather payload=49152 median=42.336 us p95=52.392 us alg_bw=1.16 GB/s
repeat=2 op=all_gather payload=65536 median=41.968 us p95=52.459 us alg_bw=1.56 GB/s
repeat=2 op=all_gather payload=131072 median=41.392 us p95=49.539 us alg_bw=3.17 GB/s
repeat=2 op=all_gather payload=262144 median=41.248 us p95=48.894 us alg_bw=6.36 GB/s
repeat=2 op=all_gather payload=524288 median=43.360 us p95=50.656 us alg_bw=12.09 GB/s
repeat=2 op=all_gather payload=1048576 median=38.160 us p95=47.995 us alg_bw=27.48 GB/s
repeat=2 op=all_gather payload=2097152 median=43.360 us p95=51.552 us alg_bw=48.37 GB/s
repeat=2 op=all_gather payload=4194304 median=44.320 us p95=50.787 us alg_bw=94.64 GB/s
repeat=2 op=all_gather payload=8388608 median=44.544 us p95=53.742 us alg_bw=188.32 GB/s
repeat=2 op=all_gather payload=16777216 median=43.520 us p95=51.725 us alg_bw=385.51 GB/s
repeat=2 op=all_gather payload=33554432 median=60.928 us p95=63.008 us alg_bw=550.72 GB/s
repeat=2 op=all_gather payload=67108864 median=103.840 us p95=105.856 us alg_bw=646.27 GB/s
repeat=2 op=all_gather payload=134217728 median=179.584 us p95=181.637 us alg_bw=747.38 GB/s
complete TP=2 op=all_gather repeat=2
start TP=4 op=all_reduce repeat=0 attempt=1
W0728 16:17:43.733000 257635 torch/distributed/run.py:851]
W0728 16:17:43.733000 257635 torch/distributed/run.py:851] *****************************************
W0728 16:17:43.733000 257635 torch/distributed/run.py:851] Setting OMP_NUM_THREADS environment variable for each process to be 1 in default, to avoid your system being overloaded, please further tune the variable for optimal performance in your application as needed.
W0728 16:17:43.733000 257635 torch/distributed/run.py:851] *****************************************
repeat=0 op=all_reduce payload=1024 median=45.424 us p95=65.834 us alg_bw=0.02 GB/s
repeat=0 op=all_reduce payload=2048 median=44.768 us p95=64.997 us alg_bw=0.05 GB/s
repeat=0 op=all_reduce payload=4096 median=46.512 us p95=62.995 us alg_bw=0.09 GB/s
repeat=0 op=all_reduce payload=8192 median=45.712 us p95=60.858 us alg_bw=0.18 GB/s
repeat=0 op=all_reduce payload=16384 median=44.992 us p95=59.696 us alg_bw=0.36 GB/s
repeat=0 op=all_reduce payload=32768 median=44.656 us p95=54.142 us alg_bw=0.73 GB/s
repeat=0 op=all_reduce payload=49152 median=46.496 us p95=55.746 us alg_bw=1.06 GB/s
repeat=0 op=all_reduce payload=65536 median=45.568 us p95=57.877 us alg_bw=1.44 GB/s
repeat=0 op=all_reduce payload=131072 median=48.704 us p95=61.099 us alg_bw=2.69 GB/s
repeat=0 op=all_reduce payload=262144 median=46.592 us p95=58.923 us alg_bw=5.63 GB/s
repeat=0 op=all_reduce payload=524288 median=47.488 us p95=54.504 us alg_bw=11.04 GB/s
repeat=0 op=all_reduce payload=1048576 median=48.448 us p95=59.469 us alg_bw=21.64 GB/s
repeat=0 op=all_reduce payload=2097152 median=47.648 us p95=61.029 us alg_bw=44.01 GB/s
repeat=0 op=all_reduce payload=4194304 median=48.608 us p95=56.760 us alg_bw=86.29 GB/s
repeat=0 op=all_reduce payload=8388608 median=52.672 us p95=54.658 us alg_bw=159.26 GB/s
repeat=0 op=all_reduce payload=16777216 median=77.184 us p95=79.075 us alg_bw=217.37 GB/s
repeat=0 op=all_reduce payload=33554432 median=124.352 us p95=126.246 us alg_bw=269.83 GB/s
repeat=0 op=all_reduce payload=67108864 median=189.984 us p95=192.163 us alg_bw=353.23 GB/s
repeat=0 op=all_reduce payload=134217728 median=357.008 us p95=362.112 us alg_bw=375.95 GB/s
complete TP=4 op=all_reduce repeat=0
start TP=4 op=all_gather repeat=0 attempt=1
W0728 16:17:54.167000 257748 torch/distributed/run.py:851]
W0728 16:17:54.167000 257748 torch/distributed/run.py:851] *****************************************
W0728 16:17:54.167000 257748 torch/distributed/run.py:851] Setting OMP_NUM_THREADS environment variable for each process to be 1 in default, to avoid your system being overloaded, please further tune the variable for optimal performance in your application as needed.
W0728 16:17:54.167000 257748 torch/distributed/run.py:851] *****************************************
repeat=0 op=all_gather payload=1024 median=44.528 us p95=62.856 us alg_bw=0.02 GB/s
repeat=0 op=all_gather payload=2048 median=42.464 us p95=55.814 us alg_bw=0.05 GB/s
repeat=0 op=all_gather payload=4096 median=42.464 us p95=55.810 us alg_bw=0.10 GB/s
repeat=0 op=all_gather payload=8192 median=41.424 us p95=49.923 us alg_bw=0.20 GB/s
repeat=0 op=all_gather payload=16384 median=42.464 us p95=52.517 us alg_bw=0.39 GB/s
repeat=0 op=all_gather payload=32768 median=44.608 us p95=55.013 us alg_bw=0.73 GB/s
repeat=0 op=all_gather payload=49152 median=42.512 us p95=54.987 us alg_bw=1.16 GB/s
repeat=0 op=all_gather payload=65536 median=41.504 us p95=49.710 us alg_bw=1.58 GB/s
repeat=0 op=all_gather payload=131072 median=41.456 us p95=49.699 us alg_bw=3.16 GB/s
repeat=0 op=all_gather payload=262144 median=41.504 us p95=49.883 us alg_bw=6.32 GB/s
repeat=0 op=all_gather payload=524288 median=44.592 us p95=54.854 us alg_bw=11.76 GB/s
repeat=0 op=all_gather payload=1048576 median=44.256 us p95=50.701 us alg_bw=23.69 GB/s
repeat=0 op=all_gather payload=2097152 median=43.632 us p95=49.795 us alg_bw=48.06 GB/s
repeat=0 op=all_gather payload=4194304 median=42.800 us p95=51.722 us alg_bw=98.00 GB/s
repeat=0 op=all_gather payload=8388608 median=57.824 us p95=61.024 us alg_bw=145.07 GB/s
repeat=0 op=all_gather payload=16777216 median=64.096 us p95=66.976 us alg_bw=261.75 GB/s
repeat=0 op=all_gather payload=33554432 median=77.056 us p95=77.504 us alg_bw=435.46 GB/s
repeat=0 op=all_gather payload=67108864 median=116.256 us p95=118.306 us alg_bw=577.25 GB/s
repeat=0 op=all_gather payload=134217728 median=206.544 us p95=209.666 us alg_bw=649.83 GB/s
complete TP=4 op=all_gather repeat=0
start TP=4 op=all_reduce repeat=1 attempt=1
W0728 16:18:04.597000 257861 torch/distributed/run.py:851]
W0728 16:18:04.597000 257861 torch/distributed/run.py:851] *****************************************
W0728 16:18:04.597000 257861 torch/distributed/run.py:851] Setting OMP_NUM_THREADS environment variable for each process to be 1 in default, to avoid your system being overloaded, please further tune the variable for optimal performance in your application as needed.
W0728 16:18:04.597000 257861 torch/distributed/run.py:851] *****************************************
repeat=1 op=all_reduce payload=1024 median=45.584 us p95=64.323 us alg_bw=0.02 GB/s
repeat=1 op=all_reduce payload=2048 median=45.568 us p95=66.376 us alg_bw=0.04 GB/s
repeat=1 op=all_reduce payload=4096 median=45.616 us p95=69.141 us alg_bw=0.09 GB/s
repeat=1 op=all_reduce payload=8192 median=45.568 us p95=69.254 us alg_bw=0.18 GB/s
repeat=1 op=all_reduce payload=16384 median=44.528 us p95=56.994 us alg_bw=0.37 GB/s
repeat=1 op=all_reduce payload=32768 median=46.496 us p95=58.021 us alg_bw=0.70 GB/s
repeat=1 op=all_reduce payload=49152 median=45.600 us p95=61.925 us alg_bw=1.08 GB/s
repeat=1 op=all_reduce payload=65536 median=45.504 us p95=57.643 us alg_bw=1.44 GB/s
repeat=1 op=all_reduce payload=131072 median=45.456 us p95=50.699 us alg_bw=2.88 GB/s
repeat=1 op=all_reduce payload=262144 median=46.704 us p95=57.934 us alg_bw=5.61 GB/s
repeat=1 op=all_reduce payload=524288 median=48.608 us p95=79.640 us alg_bw=10.79 GB/s
repeat=1 op=all_reduce payload=1048576 median=46.560 us p95=69.898 us alg_bw=22.52 GB/s
repeat=1 op=all_reduce payload=2097152 median=46.592 us p95=75.517 us alg_bw=45.01 GB/s
repeat=1 op=all_reduce payload=4194304 median=46.672 us p95=80.453 us alg_bw=89.87 GB/s
repeat=1 op=all_reduce payload=8388608 median=52.736 us p95=54.595 us alg_bw=159.07 GB/s
repeat=1 op=all_reduce payload=16777216 median=75.424 us p95=77.408 us alg_bw=222.44 GB/s
repeat=1 op=all_reduce payload=33554432 median=124.416 us p95=126.370 us alg_bw=269.70 GB/s
repeat=1 op=all_reduce payload=67108864 median=190.016 us p95=192.102 us alg_bw=353.17 GB/s
repeat=1 op=all_reduce payload=134217728 median=359.408 us p95=364.064 us alg_bw=373.44 GB/s
complete TP=4 op=all_reduce repeat=1
start TP=4 op=all_gather repeat=1 attempt=1
W0728 16:18:15.398000 257975 torch/distributed/run.py:851]
W0728 16:18:15.398000 257975 torch/distributed/run.py:851] *****************************************
W0728 16:18:15.398000 257975 torch/distributed/run.py:851] Setting OMP_NUM_THREADS environment variable for each process to be 1 in default, to avoid your system being overloaded, please further tune the variable for optimal performance in your application as needed.
W0728 16:18:15.398000 257975 torch/distributed/run.py:851] *****************************************
repeat=1 op=all_gather payload=1024 median=48.656 us p95=70.067 us alg_bw=0.02 GB/s
repeat=1 op=all_gather payload=2048 median=43.536 us p95=55.568 us alg_bw=0.05 GB/s
repeat=1 op=all_gather payload=4096 median=43.616 us p95=55.821 us alg_bw=0.09 GB/s
repeat=1 op=all_gather payload=8192 median=43.456 us p95=57.958 us alg_bw=0.19 GB/s
repeat=1 op=all_gather payload=16384 median=43.488 us p95=62.864 us alg_bw=0.38 GB/s
repeat=1 op=all_gather payload=32768 median=42.608 us p95=53.709 us alg_bw=0.77 GB/s
repeat=1 op=all_gather payload=49152 median=42.528 us p95=58.034 us alg_bw=1.16 GB/s
repeat=1 op=all_gather payload=65536 median=42.352 us p95=52.091 us alg_bw=1.55 GB/s
repeat=1 op=all_gather payload=131072 median=42.480 us p95=50.768 us alg_bw=3.09 GB/s
repeat=1 op=all_gather payload=262144 median=43.552 us p95=50.845 us alg_bw=6.02 GB/s
repeat=1 op=all_gather payload=524288 median=44.544 us p95=55.842 us alg_bw=11.77 GB/s
repeat=1 op=all_gather payload=1048576 median=45.472 us p95=54.045 us alg_bw=23.06 GB/s
repeat=1 op=all_gather payload=2097152 median=45.600 us p95=52.726 us alg_bw=45.99 GB/s
repeat=1 op=all_gather payload=4194304 median=44.992 us p95=53.794 us alg_bw=93.22 GB/s
repeat=1 op=all_gather payload=8388608 median=58.800 us p95=60.899 us alg_bw=142.66 GB/s
repeat=1 op=all_gather payload=16777216 median=65.072 us p95=67.296 us alg_bw=257.83 GB/s
repeat=1 op=all_gather payload=33554432 median=76.320 us p95=77.440 us alg_bw=439.65 GB/s
repeat=1 op=all_gather payload=67108864 median=116.144 us p95=117.160 us alg_bw=577.81 GB/s
repeat=1 op=all_gather payload=134217728 median=206.576 us p95=210.434 us alg_bw=649.73 GB/s
complete TP=4 op=all_gather repeat=1
start TP=4 op=all_reduce repeat=2 attempt=1
W0728 16:18:25.720000 258089 torch/distributed/run.py:851]
W0728 16:18:25.720000 258089 torch/distributed/run.py:851] *****************************************
W0728 16:18:25.720000 258089 torch/distributed/run.py:851] Setting OMP_NUM_THREADS environment variable for each process to be 1 in default, to avoid your system being overloaded, please further tune the variable for optimal performance in your application as needed.
W0728 16:18:25.720000 258089 torch/distributed/run.py:851] *****************************************
repeat=2 op=all_reduce payload=1024 median=69.696 us p95=83.685 us alg_bw=0.01 GB/s
repeat=2 op=all_reduce payload=2048 median=72.672 us p95=81.317 us alg_bw=0.03 GB/s
repeat=2 op=all_reduce payload=4096 median=71.216 us p95=81.480 us alg_bw=0.06 GB/s
repeat=2 op=all_reduce payload=8192 median=71.136 us p95=84.403 us alg_bw=0.12 GB/s
repeat=2 op=all_reduce payload=16384 median=72.000 us p95=79.443 us alg_bw=0.23 GB/s
repeat=2 op=all_reduce payload=32768 median=69.200 us p95=75.342 us alg_bw=0.47 GB/s
repeat=2 op=all_reduce payload=49152 median=69.184 us p95=75.459 us alg_bw=0.71 GB/s
repeat=2 op=all_reduce payload=65536 median=69.312 us p95=76.443 us alg_bw=0.95 GB/s
repeat=2 op=all_reduce payload=131072 median=69.616 us p95=77.541 us alg_bw=1.88 GB/s
repeat=2 op=all_reduce payload=262144 median=71.136 us p95=79.754 us alg_bw=3.69 GB/s
repeat=2 op=all_reduce payload=524288 median=73.104 us p95=81.414 us alg_bw=7.17 GB/s
repeat=2 op=all_reduce payload=1048576 median=73.328 us p95=81.475 us alg_bw=14.30 GB/s
repeat=2 op=all_reduce payload=2097152 median=74.144 us p95=80.491 us alg_bw=28.28 GB/s
repeat=2 op=all_reduce payload=4194304 median=72.112 us p95=78.246 us alg_bw=58.16 GB/s
repeat=2 op=all_reduce payload=8388608 median=72.272 us p95=80.043 us alg_bw=116.07 GB/s
repeat=2 op=all_reduce payload=16777216 median=76.208 us p95=78.242 us alg_bw=220.15 GB/s
repeat=2 op=all_reduce payload=33554432 median=124.480 us p95=125.538 us alg_bw=269.56 GB/s
repeat=2 op=all_reduce payload=67108864 median=190.080 us p95=193.094 us alg_bw=353.06 GB/s
repeat=2 op=all_reduce payload=134217728 median=356.032 us p95=363.171 us alg_bw=376.98 GB/s
complete TP=4 op=all_reduce repeat=2
start TP=4 op=all_gather repeat=2 attempt=1
W0728 16:18:36.260000 258202 torch/distributed/run.py:851]
W0728 16:18:36.260000 258202 torch/distributed/run.py:851] *****************************************
W0728 16:18:36.260000 258202 torch/distributed/run.py:851] Setting OMP_NUM_THREADS environment variable for each process to be 1 in default, to avoid your system being overloaded, please further tune the variable for optimal performance in your application as needed.
W0728 16:18:36.260000 258202 torch/distributed/run.py:851] *****************************************
repeat=2 op=all_gather payload=1024 median=45.520 us p95=69.227 us alg_bw=0.02 GB/s
repeat=2 op=all_gather payload=2048 median=45.024 us p95=56.834 us alg_bw=0.05 GB/s
repeat=2 op=all_gather payload=4096 median=44.560 us p95=54.693 us alg_bw=0.09 GB/s
repeat=2 op=all_gather payload=8192 median=43.552 us p95=55.648 us alg_bw=0.19 GB/s
repeat=2 op=all_gather payload=16384 median=42.512 us p95=53.734 us alg_bw=0.39 GB/s
repeat=2 op=all_gather payload=32768 median=42.592 us p95=54.771 us alg_bw=0.77 GB/s
repeat=2 op=all_gather payload=49152 median=42.496 us p95=53.803 us alg_bw=1.16 GB/s
repeat=2 op=all_gather payload=65536 median=44.544 us p95=57.104 us alg_bw=1.47 GB/s
repeat=2 op=all_gather payload=131072 median=42.624 us p95=51.670 us alg_bw=3.08 GB/s
repeat=2 op=all_gather payload=262144 median=43.424 us p95=51.714 us alg_bw=6.04 GB/s
repeat=2 op=all_gather payload=524288 median=44.640 us p95=56.896 us alg_bw=11.74 GB/s
repeat=2 op=all_gather payload=1048576 median=43.680 us p95=51.778 us alg_bw=24.01 GB/s
repeat=2 op=all_gather payload=2097152 median=43.536 us p95=51.664 us alg_bw=48.17 GB/s
repeat=2 op=all_gather payload=4194304 median=44.400 us p95=51.726 us alg_bw=94.47 GB/s
repeat=2 op=all_gather payload=8388608 median=57.936 us p95=61.090 us alg_bw=144.79 GB/s
repeat=2 op=all_gather payload=16777216 median=64.928 us p95=67.168 us alg_bw=258.40 GB/s
repeat=2 op=all_gather payload=33554432 median=77.200 us p95=77.848 us alg_bw=434.64 GB/s
repeat=2 op=all_gather payload=67108864 median=116.256 us p95=117.413 us alg_bw=577.25 GB/s
repeat=2 op=all_gather payload=134217728 median=207.376 us p95=210.371 us alg_bw=647.22 GB/s
complete TP=4 op=all_gather repeat=2
start TP=8 op=all_reduce repeat=0 attempt=1
W0728 16:18:46.545000 258316 torch/distributed/run.py:851]
W0728 16:18:46.545000 258316 torch/distributed/run.py:851] *****************************************
W0728 16:18:46.545000 258316 torch/distributed/run.py:851] Setting OMP_NUM_THREADS environment variable for each process to be 1 in default, to avoid your system being overloaded, please further tune the variable for optimal performance in your application as needed.
W0728 16:18:46.545000 258316 torch/distributed/run.py:851] *****************************************
repeat=0 op=all_reduce payload=1024 median=46.624 us p95=52.816 us alg_bw=0.02 GB/s
repeat=0 op=all_reduce payload=2048 median=44.992 us p95=58.603 us alg_bw=0.05 GB/s
repeat=0 op=all_reduce payload=4096 median=45.520 us p95=50.640 us alg_bw=0.09 GB/s
repeat=0 op=all_reduce payload=8192 median=45.568 us p95=52.850 us alg_bw=0.18 GB/s
repeat=0 op=all_reduce payload=16384 median=44.976 us p95=51.787 us alg_bw=0.36 GB/s
repeat=0 op=all_reduce payload=32768 median=45.440 us p95=51.816 us alg_bw=0.72 GB/s
repeat=0 op=all_reduce payload=49152 median=46.416 us p95=51.595 us alg_bw=1.06 GB/s
repeat=0 op=all_reduce payload=65536 median=45.360 us p95=51.563 us alg_bw=1.44 GB/s
repeat=0 op=all_reduce payload=131072 median=44.864 us p95=52.581 us alg_bw=2.92 GB/s
repeat=0 op=all_reduce payload=262144 median=44.736 us p95=67.946 us alg_bw=5.86 GB/s
repeat=0 op=all_reduce payload=524288 median=45.664 us p95=50.843 us alg_bw=11.48 GB/s
repeat=0 op=all_reduce payload=1048576 median=46.288 us p95=50.690 us alg_bw=22.65 GB/s
repeat=0 op=all_reduce payload=2097152 median=46.432 us p95=50.560 us alg_bw=45.17 GB/s
repeat=0 op=all_reduce payload=4194304 median=59.152 us p95=61.090 us alg_bw=70.91 GB/s
repeat=0 op=all_reduce payload=8388608 median=77.312 us p95=79.365 us alg_bw=108.50 GB/s
repeat=0 op=all_reduce payload=16777216 median=103.936 us p95=106.016 us alg_bw=161.42 GB/s
repeat=0 op=all_reduce payload=33554432 median=165.408 us p95=167.490 us alg_bw=202.86 GB/s
repeat=0 op=all_reduce payload=67108864 median=280.592 us p95=284.363 us alg_bw=239.17 GB/s
repeat=0 op=all_reduce payload=134217728 median=399.808 us p95=404.027 us alg_bw=335.71 GB/s
complete TP=8 op=all_reduce repeat=0
start TP=8 op=all_gather repeat=0 attempt=1
W0728 16:19:04.271000 258467 torch/distributed/run.py:851]
W0728 16:19:04.271000 258467 torch/distributed/run.py:851] *****************************************
W0728 16:19:04.271000 258467 torch/distributed/run.py:851] Setting OMP_NUM_THREADS environment variable for each process to be 1 in default, to avoid your system being overloaded, please further tune the variable for optimal performance in your application as needed.
W0728 16:19:04.271000 258467 torch/distributed/run.py:851] *****************************************
repeat=0 op=all_gather payload=1024 median=46.368 us p95=78.646 us alg_bw=0.02 GB/s
repeat=0 op=all_gather payload=2048 median=43.520 us p95=60.835 us alg_bw=0.05 GB/s
repeat=0 op=all_gather payload=4096 median=42.256 us p95=53.898 us alg_bw=0.10 GB/s
repeat=0 op=all_gather payload=8192 median=44.384 us p95=57.974 us alg_bw=0.18 GB/s
repeat=0 op=all_gather payload=16384 median=43.424 us p95=47.659 us alg_bw=0.38 GB/s
repeat=0 op=all_gather payload=32768 median=43.552 us p95=54.654 us alg_bw=0.75 GB/s
repeat=0 op=all_gather payload=49152 median=40.624 us p95=51.192 us alg_bw=1.21 GB/s
repeat=0 op=all_gather payload=65536 median=42.672 us p95=54.949 us alg_bw=1.54 GB/s
repeat=0 op=all_gather payload=131072 median=42.560 us p95=52.771 us alg_bw=3.08 GB/s
repeat=0 op=all_gather payload=262144 median=43.584 us p95=57.899 us alg_bw=6.01 GB/s
repeat=0 op=all_gather payload=524288 median=44.528 us p95=55.997 us alg_bw=11.77 GB/s
repeat=0 op=all_gather payload=1048576 median=44.576 us p95=48.771 us alg_bw=23.52 GB/s
repeat=0 op=all_gather payload=2097152 median=45.664 us p95=50.566 us alg_bw=45.93 GB/s
repeat=0 op=all_gather payload=4194304 median=44.448 us p95=49.766 us alg_bw=94.36 GB/s
repeat=0 op=all_gather payload=8388608 median=50.816 us p95=53.125 us alg_bw=165.08 GB/s
repeat=0 op=all_gather payload=16777216 median=54.880 us p95=57.027 us alg_bw=305.71 GB/s
repeat=0 op=all_gather payload=33554432 median=83.520 us p95=85.602 us alg_bw=401.75 GB/s
repeat=0 op=all_gather payload=67108864 median=144.816 us p95=147.016 us alg_bw=463.41 GB/s
repeat=0 op=all_gather payload=134217728 median=214.672 us p95=217.736 us alg_bw=625.22 GB/s
complete TP=8 op=all_gather repeat=0
start TP=8 op=all_reduce repeat=1 attempt=1
W0728 16:19:22.174000 258616 torch/distributed/run.py:851]
W0728 16:19:22.174000 258616 torch/distributed/run.py:851] *****************************************
W0728 16:19:22.174000 258616 torch/distributed/run.py:851] Setting OMP_NUM_THREADS environment variable for each process to be 1 in default, to avoid your system being overloaded, please further tune the variable for optimal performance in your application as needed.
W0728 16:19:22.174000 258616 torch/distributed/run.py:851] *****************************************
repeat=1 op=all_reduce payload=1024 median=47.456 us p95=62.010 us alg_bw=0.02 GB/s
repeat=1 op=all_reduce payload=2048 median=48.464 us p95=67.182 us alg_bw=0.04 GB/s
repeat=1 op=all_reduce payload=4096 median=47.552 us p95=58.786 us alg_bw=0.09 GB/s
repeat=1 op=all_reduce payload=8192 median=46.560 us p95=58.115 us alg_bw=0.18 GB/s
repeat=1 op=all_reduce payload=16384 median=46.432 us p95=52.842 us alg_bw=0.35 GB/s
repeat=1 op=all_reduce payload=32768 median=46.512 us p95=58.371 us alg_bw=0.70 GB/s
repeat=1 op=all_reduce payload=49152 median=48.400 us p95=60.675 us alg_bw=1.02 GB/s
repeat=1 op=all_reduce payload=65536 median=46.640 us p95=58.128 us alg_bw=1.41 GB/s
repeat=1 op=all_reduce payload=131072 median=46.560 us p95=52.949 us alg_bw=2.82 GB/s
repeat=1 op=all_reduce payload=262144 median=47.648 us p95=57.858 us alg_bw=5.50 GB/s
repeat=1 op=all_reduce payload=524288 median=48.848 us p95=68.426 us alg_bw=10.73 GB/s
repeat=1 op=all_reduce payload=1048576 median=46.672 us p95=52.973 us alg_bw=22.47 GB/s
repeat=1 op=all_reduce payload=2097152 median=46.592 us p95=50.872 us alg_bw=45.01 GB/s
repeat=1 op=all_reduce payload=4194304 median=59.424 us p95=61.189 us alg_bw=70.58 GB/s
repeat=1 op=all_reduce payload=8388608 median=77.344 us p95=79.426 us alg_bw=108.46 GB/s
repeat=1 op=all_reduce payload=16777216 median=103.936 us p95=105.896 us alg_bw=161.42 GB/s
repeat=1 op=all_reduce payload=33554432 median=165.408 us p95=167.555 us alg_bw=202.86 GB/s
repeat=1 op=all_reduce payload=67108864 median=282.096 us p95=284.226 us alg_bw=237.89 GB/s
repeat=1 op=all_reduce payload=134217728 median=400.784 us p95=404.074 us alg_bw=334.89 GB/s
complete TP=8 op=all_reduce repeat=1
start TP=8 op=all_gather repeat=1 attempt=1
W0728 16:19:39.864000 258767 torch/distributed/run.py:851]
W0728 16:19:39.864000 258767 torch/distributed/run.py:851] *****************************************
W0728 16:19:39.864000 258767 torch/distributed/run.py:851] Setting OMP_NUM_THREADS environment variable for each process to be 1 in default, to avoid your system being overloaded, please further tune the variable for optimal performance in your application as needed.
W0728 16:19:39.864000 258767 torch/distributed/run.py:851] *****************************************
repeat=1 op=all_gather payload=1024 median=46.544 us p95=67.139 us alg_bw=0.02 GB/s
repeat=1 op=all_gather payload=2048 median=45.440 us p95=57.899 us alg_bw=0.05 GB/s
repeat=1 op=all_gather payload=4096 median=42.480 us p95=49.024 us alg_bw=0.10 GB/s
repeat=1 op=all_gather payload=8192 median=44.576 us p95=57.485 us alg_bw=0.18 GB/s
repeat=1 op=all_gather payload=16384 median=44.752 us p95=60.642 us alg_bw=0.37 GB/s
repeat=1 op=all_gather payload=32768 median=41.248 us p95=50.395 us alg_bw=0.79 GB/s
repeat=1 op=all_gather payload=49152 median=44.640 us p95=54.861 us alg_bw=1.10 GB/s
repeat=1 op=all_gather payload=65536 median=44.416 us p95=52.890 us alg_bw=1.48 GB/s
repeat=1 op=all_gather payload=131072 median=44.352 us p95=53.542 us alg_bw=2.96 GB/s
repeat=1 op=all_gather payload=262144 median=44.576 us p95=51.902 us alg_bw=5.88 GB/s
repeat=1 op=all_gather payload=524288 median=45.520 us p95=54.693 us alg_bw=11.52 GB/s
repeat=1 op=all_gather payload=1048576 median=46.112 us p95=53.950 us alg_bw=22.74 GB/s
repeat=1 op=all_gather payload=2097152 median=45.568 us p95=54.629 us alg_bw=46.02 GB/s
repeat=1 op=all_gather payload=4194304 median=46.464 us p95=51.952 us alg_bw=90.27 GB/s
repeat=1 op=all_gather payload=8388608 median=50.688 us p95=53.051 us alg_bw=165.49 GB/s
repeat=1 op=all_gather payload=16777216 median=54.912 us p95=56.963 us alg_bw=305.53 GB/s
repeat=1 op=all_gather payload=33554432 median=83.488 us p95=85.349 us alg_bw=401.91 GB/s
repeat=1 op=all_gather payload=67108864 median=144.832 us p95=145.966 us alg_bw=463.36 GB/s
repeat=1 op=all_gather payload=134217728 median=215.552 us p95=217.640 us alg_bw=622.67 GB/s
complete TP=8 op=all_gather repeat=1
start TP=8 op=all_reduce repeat=2 attempt=1
W0728 16:19:57.901000 258916 torch/distributed/run.py:851]
W0728 16:19:57.901000 258916 torch/distributed/run.py:851] *****************************************
W0728 16:19:57.901000 258916 torch/distributed/run.py:851] Setting OMP_NUM_THREADS environment variable for each process to be 1 in default, to avoid your system being overloaded, please further tune the variable for optimal performance in your application as needed.
W0728 16:19:57.901000 258916 torch/distributed/run.py:851] *****************************************
repeat=2 op=all_reduce payload=1024 median=46.448 us p95=61.915 us alg_bw=0.02 GB/s
repeat=2 op=all_reduce payload=2048 median=46.608 us p95=62.120 us alg_bw=0.04 GB/s
repeat=2 op=all_reduce payload=4096 median=46.640 us p95=57.976 us alg_bw=0.09 GB/s
repeat=2 op=all_reduce payload=8192 median=44.640 us p95=59.043 us alg_bw=0.18 GB/s
repeat=2 op=all_reduce payload=16384 median=45.440 us p95=61.954 us alg_bw=0.36 GB/s
repeat=2 op=all_reduce payload=32768 median=46.672 us p95=64.293 us alg_bw=0.70 GB/s
repeat=2 op=all_reduce payload=49152 median=45.664 us p95=55.683 us alg_bw=1.08 GB/s
repeat=2 op=all_reduce payload=65536 median=46.704 us p95=60.898 us alg_bw=1.40 GB/s
repeat=2 op=all_reduce payload=131072 median=46.496 us p95=54.541 us alg_bw=2.82 GB/s
repeat=2 op=all_reduce payload=262144 median=45.600 us p95=53.730 us alg_bw=5.75 GB/s
repeat=2 op=all_reduce payload=524288 median=46.576 us p95=56.848 us alg_bw=11.26 GB/s
repeat=2 op=all_reduce payload=1048576 median=46.544 us p95=54.696 us alg_bw=22.53 GB/s
repeat=2 op=all_reduce payload=2097152 median=46.208 us p95=57.856 us alg_bw=45.39 GB/s
repeat=2 op=all_reduce payload=4194304 median=59.200 us p95=61.845 us alg_bw=70.85 GB/s
repeat=2 op=all_reduce payload=8388608 median=77.296 us p95=79.392 us alg_bw=108.53 GB/s
repeat=2 op=all_reduce payload=16777216 median=103.904 us p95=105.888 us alg_bw=161.47 GB/s
repeat=2 op=all_reduce payload=33554432 median=165.408 us p95=167.651 us alg_bw=202.86 GB/s
repeat=2 op=all_reduce payload=67108864 median=282.096 us p95=284.438 us alg_bw=237.89 GB/s
repeat=2 op=all_reduce payload=134217728 median=400.096 us p95=404.096 us alg_bw=335.46 GB/s
complete TP=8 op=all_reduce repeat=2
start TP=8 op=all_gather repeat=2 attempt=1
W0728 16:20:16.255000 259067 torch/distributed/run.py:851]
W0728 16:20:16.255000 259067 torch/distributed/run.py:851] *****************************************
W0728 16:20:16.255000 259067 torch/distributed/run.py:851] Setting OMP_NUM_THREADS environment variable for each process to be 1 in default, to avoid your system being overloaded, please further tune the variable for optimal performance in your application as needed.
W0728 16:20:16.255000 259067 torch/distributed/run.py:851] *****************************************
repeat=2 op=all_gather payload=1024 median=44.528 us p95=65.227 us alg_bw=0.02 GB/s
repeat=2 op=all_gather payload=2048 median=43.520 us p95=63.026 us alg_bw=0.05 GB/s
repeat=2 op=all_gather payload=4096 median=42.544 us p95=53.850 us alg_bw=0.10 GB/s
repeat=2 op=all_gather payload=8192 median=43.376 us p95=55.904 us alg_bw=0.19 GB/s
repeat=2 op=all_gather payload=16384 median=42.528 us p95=48.910 us alg_bw=0.39 GB/s
repeat=2 op=all_gather payload=32768 median=43.504 us p95=54.822 us alg_bw=0.75 GB/s
repeat=2 op=all_gather payload=49152 median=43.440 us p95=53.963 us alg_bw=1.13 GB/s
repeat=2 op=all_gather payload=65536 median=43.360 us p95=54.717 us alg_bw=1.51 GB/s
repeat=2 op=all_gather payload=131072 median=42.608 us p95=52.998 us alg_bw=3.08 GB/s
repeat=2 op=all_gather payload=262144 median=42.688 us p95=54.782 us alg_bw=6.14 GB/s
repeat=2 op=all_gather payload=524288 median=42.528 us p95=47.693 us alg_bw=12.33 GB/s
repeat=2 op=all_gather payload=1048576 median=44.528 us p95=50.210 us alg_bw=23.55 GB/s
repeat=2 op=all_gather payload=2097152 median=44.400 us p95=48.453 us alg_bw=47.23 GB/s
repeat=2 op=all_gather payload=4194304 median=44.544 us p95=49.611 us alg_bw=94.16 GB/s
repeat=2 op=all_gather payload=8388608 median=50.800 us p95=52.736 us alg_bw=165.13 GB/s
repeat=2 op=all_gather payload=16777216 median=54.832 us p95=56.960 us alg_bw=305.97 GB/s
repeat=2 op=all_gather payload=33554432 median=83.552 us p95=85.664 us alg_bw=401.60 GB/s
repeat=2 op=all_gather payload=67108864 median=144.896 us p95=146.859 us alg_bw=463.15 GB/s
repeat=2 op=all_gather payload=134217728 median=215.616 us p95=216.827 us alg_bw=622.49 GB/s
complete TP=8 op=all_gather repeat=2
skip completed TP=2 op=all_reduce repeat=0
skip completed TP=2 op=all_gather repeat=0
skip completed TP=2 op=all_reduce repeat=1
skip completed TP=2 op=all_gather repeat=1
skip completed TP=2 op=all_reduce repeat=2
skip completed TP=2 op=all_gather repeat=2
start TP=2 op=all_reduce repeat=3 attempt=1
W0728 16:26:05.652000 259351 torch/distributed/run.py:851]
W0728 16:26:05.652000 259351 torch/distributed/run.py:851] *****************************************
W0728 16:26:05.652000 259351 torch/distributed/run.py:851] Setting OMP_NUM_THREADS environment variable for each process to be 1 in default, to avoid your system being overloaded, please further tune the variable for optimal performance in your application as needed.
W0728 16:26:05.652000 259351 torch/distributed/run.py:851] *****************************************
repeat=3 op=all_reduce payload=1024 median=42.592 us p95=48.984 us alg_bw=0.02 GB/s
repeat=3 op=all_reduce payload=2048 median=41.568 us p95=62.387 us alg_bw=0.05 GB/s
repeat=3 op=all_reduce payload=4096 median=43.360 us p95=58.501 us alg_bw=0.09 GB/s
repeat=3 op=all_reduce payload=8192 median=43.312 us p95=56.858 us alg_bw=0.19 GB/s
repeat=3 op=all_reduce payload=16384 median=42.688 us p95=58.760 us alg_bw=0.38 GB/s
repeat=3 op=all_reduce payload=32768 median=44.544 us p95=58.906 us alg_bw=0.74 GB/s
repeat=3 op=all_reduce payload=49152 median=46.768 us p95=63.040 us alg_bw=1.05 GB/s
repeat=3 op=all_reduce payload=65536 median=43.424 us p95=57.814 us alg_bw=1.51 GB/s
repeat=3 op=all_reduce payload=131072 median=43.408 us p95=53.795 us alg_bw=3.02 GB/s
repeat=3 op=all_reduce payload=262144 median=41.344 us p95=53.770 us alg_bw=6.34 GB/s
repeat=3 op=all_reduce payload=524288 median=43.392 us p95=55.619 us alg_bw=12.08 GB/s
repeat=3 op=all_reduce payload=1048576 median=44.544 us p95=59.235 us alg_bw=23.54 GB/s
repeat=3 op=all_reduce payload=2097152 median=46.384 us p95=58.765 us alg_bw=45.21 GB/s
repeat=3 op=all_reduce payload=4194304 median=47.392 us p95=57.706 us alg_bw=88.50 GB/s
repeat=3 op=all_reduce payload=8388608 median=47.664 us p95=51.757 us alg_bw=175.99 GB/s
repeat=3 op=all_reduce payload=16777216 median=58.880 us p95=60.997 us alg_bw=284.94 GB/s
repeat=3 op=all_reduce payload=33554432 median=87.360 us p95=87.779 us alg_bw=384.09 GB/s
repeat=3 op=all_reduce payload=67108864 median=155.248 us p95=158.077 us alg_bw=432.27 GB/s
repeat=3 op=all_reduce payload=134217728 median=284.672 us p95=288.005 us alg_bw=471.48 GB/s
complete TP=2 op=all_reduce repeat=3
start TP=2 op=all_gather repeat=3 attempt=1
W0728 16:26:13.141000 259448 torch/distributed/run.py:851]
W0728 16:26:13.141000 259448 torch/distributed/run.py:851] *****************************************
W0728 16:26:13.141000 259448 torch/distributed/run.py:851] Setting OMP_NUM_THREADS environment variable for each process to be 1 in default, to avoid your system being overloaded, please further tune the variable for optimal performance in your application as needed.
W0728 16:26:13.141000 259448 torch/distributed/run.py:851] *****************************************
repeat=3 op=all_gather payload=1024 median=45.536 us p95=57.701 us alg_bw=0.02 GB/s
repeat=3 op=all_gather payload=2048 median=43.520 us p95=56.526 us alg_bw=0.05 GB/s
repeat=3 op=all_gather payload=4096 median=41.520 us p95=52.706 us alg_bw=0.10 GB/s
repeat=3 op=all_gather payload=8192 median=41.440 us p95=52.840 us alg_bw=0.20 GB/s
repeat=3 op=all_gather payload=16384 median=40.320 us p95=49.264 us alg_bw=0.41 GB/s
repeat=3 op=all_gather payload=32768 median=40.496 us p95=52.083 us alg_bw=0.81 GB/s
repeat=3 op=all_gather payload=49152 median=41.232 us p95=50.630 us alg_bw=1.19 GB/s
repeat=3 op=all_gather payload=65536 median=41.488 us p95=51.746 us alg_bw=1.58 GB/s
repeat=3 op=all_gather payload=131072 median=40.448 us p95=51.698 us alg_bw=3.24 GB/s
repeat=3 op=all_gather payload=262144 median=42.384 us p95=52.634 us alg_bw=6.18 GB/s
repeat=3 op=all_gather payload=524288 median=40.928 us p95=50.427 us alg_bw=12.81 GB/s
repeat=3 op=all_gather payload=1048576 median=39.840 us p95=47.426 us alg_bw=26.32 GB/s
repeat=3 op=all_gather payload=2097152 median=42.368 us p95=49.538 us alg_bw=49.50 GB/s
repeat=3 op=all_gather payload=4194304 median=42.592 us p95=51.717 us alg_bw=98.48 GB/s
repeat=3 op=all_gather payload=8388608 median=42.384 us p95=50.688 us alg_bw=197.92 GB/s
repeat=3 op=all_gather payload=16777216 median=43.488 us p95=47.880 us alg_bw=385.79 GB/s
repeat=3 op=all_gather payload=33554432 median=60.896 us p95=62.659 us alg_bw=551.01 GB/s
repeat=3 op=all_gather payload=67108864 median=103.584 us p95=105.861 us alg_bw=647.87 GB/s
repeat=3 op=all_gather payload=134217728 median=179.552 us p95=181.765 us alg_bw=747.51 GB/s
complete TP=2 op=all_gather repeat=3
start TP=2 op=all_reduce repeat=4 attempt=1
W0728 16:26:20.344000 259544 torch/distributed/run.py:851]
W0728 16:26:20.344000 259544 torch/distributed/run.py:851] *****************************************
W0728 16:26:20.344000 259544 torch/distributed/run.py:851] Setting OMP_NUM_THREADS environment variable for each process to be 1 in default, to avoid your system being overloaded, please further tune the variable for optimal performance in your application as needed.
W0728 16:26:20.344000 259544 torch/distributed/run.py:851] *****************************************
repeat=4 op=all_reduce payload=1024 median=44.288 us p95=50.421 us alg_bw=0.02 GB/s
repeat=4 op=all_reduce payload=2048 median=44.384 us p95=60.970 us alg_bw=0.05 GB/s
repeat=4 op=all_reduce payload=4096 median=44.336 us p95=63.718 us alg_bw=0.09 GB/s
repeat=4 op=all_reduce payload=8192 median=43.456 us p95=56.931 us alg_bw=0.19 GB/s
repeat=4 op=all_reduce payload=16384 median=44.384 us p95=58.989 us alg_bw=0.37 GB/s
repeat=4 op=all_reduce payload=32768 median=43.328 us p95=51.786 us alg_bw=0.76 GB/s
repeat=4 op=all_reduce payload=49152 median=42.816 us p95=53.730 us alg_bw=1.15 GB/s
repeat=4 op=all_reduce payload=65536 median=38.528 us p95=52.637 us alg_bw=1.70 GB/s
repeat=4 op=all_reduce payload=131072 median=43.424 us p95=53.979 us alg_bw=3.02 GB/s
repeat=4 op=all_reduce payload=262144 median=43.808 us p95=55.858 us alg_bw=5.98 GB/s
repeat=4 op=all_reduce payload=524288 median=45.456 us p95=57.918 us alg_bw=11.53 GB/s
repeat=4 op=all_reduce payload=1048576 median=45.600 us p95=57.005 us alg_bw=23.00 GB/s
repeat=4 op=all_reduce payload=2097152 median=46.608 us p95=55.886 us alg_bw=45.00 GB/s
repeat=4 op=all_reduce payload=4194304 median=47.616 us p95=57.734 us alg_bw=88.09 GB/s
repeat=4 op=all_reduce payload=8388608 median=48.512 us p95=54.830 us alg_bw=172.92 GB/s
repeat=4 op=all_reduce payload=16777216 median=58.848 us p95=60.930 us alg_bw=285.09 GB/s
repeat=4 op=all_reduce payload=33554432 median=87.280 us p95=87.690 us alg_bw=384.45 GB/s
repeat=4 op=all_reduce payload=67108864 median=155.296 us p95=159.170 us alg_bw=432.14 GB/s
repeat=4 op=all_reduce payload=134217728 median=284.608 us p95=287.272 us alg_bw=471.59 GB/s
complete TP=2 op=all_reduce repeat=4
start TP=2 op=all_gather repeat=4 attempt=1
W0728 16:26:27.609000 259639 torch/distributed/run.py:851]
W0728 16:26:27.609000 259639 torch/distributed/run.py:851] *****************************************
W0728 16:26:27.609000 259639 torch/distributed/run.py:851] Setting OMP_NUM_THREADS environment variable for each process to be 1 in default, to avoid your system being overloaded, please further tune the variable for optimal performance in your application as needed.
W0728 16:26:27.609000 259639 torch/distributed/run.py:851] *****************************************
repeat=4 op=all_gather payload=1024 median=48.320 us p95=64.430 us alg_bw=0.02 GB/s
repeat=4 op=all_gather payload=2048 median=42.256 us p95=56.493 us alg_bw=0.05 GB/s
repeat=4 op=all_gather payload=4096 median=41.696 us p95=53.867 us alg_bw=0.10 GB/s
repeat=4 op=all_gather payload=8192 median=41.456 us p95=50.814 us alg_bw=0.20 GB/s
repeat=4 op=all_gather payload=16384 median=41.488 us p95=53.774 us alg_bw=0.39 GB/s
repeat=4 op=all_gather payload=32768 median=41.312 us p95=51.594 us alg_bw=0.79 GB/s
repeat=4 op=all_gather payload=49152 median=42.624 us p95=53.730 us alg_bw=1.15 GB/s
repeat=4 op=all_gather payload=65536 median=40.304 us p95=50.074 us alg_bw=1.63 GB/s
repeat=4 op=all_gather payload=131072 median=44.448 us p95=56.029 us alg_bw=2.95 GB/s
repeat=4 op=all_gather payload=262144 median=42.368 us p95=50.310 us alg_bw=6.19 GB/s
repeat=4 op=all_gather payload=524288 median=44.512 us p95=53.734 us alg_bw=11.78 GB/s
repeat=4 op=all_gather payload=1048576 median=43.600 us p95=53.605 us alg_bw=24.05 GB/s
repeat=4 op=all_gather payload=2097152 median=42.416 us p95=51.258 us alg_bw=49.44 GB/s
repeat=4 op=all_gather payload=4194304 median=43.488 us p95=51.762 us alg_bw=96.45 GB/s
repeat=4 op=all_gather payload=8388608 median=43.456 us p95=51.528 us alg_bw=193.04 GB/s
repeat=4 op=all_gather payload=16777216 median=43.520 us p95=51.528 us alg_bw=385.51 GB/s
repeat=4 op=all_gather payload=33554432 median=60.880 us p95=62.947 us alg_bw=551.16 GB/s
repeat=4 op=all_gather payload=67108864 median=103.872 us p95=105.986 us alg_bw=646.07 GB/s
repeat=4 op=all_gather payload=134217728 median=179.520 us p95=181.856 us alg_bw=747.65 GB/s
complete TP=2 op=all_gather repeat=4
skip completed TP=4 op=all_reduce repeat=0
skip completed TP=4 op=all_gather repeat=0
skip completed TP=4 op=all_reduce repeat=1
skip completed TP=4 op=all_gather repeat=1
skip completed TP=4 op=all_reduce repeat=2
skip completed TP=4 op=all_gather repeat=2
start TP=4 op=all_reduce repeat=3 attempt=1
W0728 16:26:35.217000 259747 torch/distributed/run.py:851]
W0728 16:26:35.217000 259747 torch/distributed/run.py:851] *****************************************
W0728 16:26:35.217000 259747 torch/distributed/run.py:851] Setting OMP_NUM_THREADS environment variable for each process to be 1 in default, to avoid your system being overloaded, please further tune the variable for optimal performance in your application as needed.
W0728 16:26:35.217000 259747 torch/distributed/run.py:851] *****************************************
repeat=3 op=all_reduce payload=1024 median=44.512 us p95=55.662 us alg_bw=0.02 GB/s
repeat=3 op=all_reduce payload=2048 median=44.544 us p95=53.634 us alg_bw=0.05 GB/s
repeat=3 op=all_reduce payload=4096 median=45.568 us p95=50.261 us alg_bw=0.09 GB/s
repeat=3 op=all_reduce payload=8192 median=43.952 us p95=69.360 us alg_bw=0.19 GB/s
repeat=3 op=all_reduce payload=16384 median=43.552 us p95=51.555 us alg_bw=0.38 GB/s
repeat=3 op=all_reduce payload=32768 median=45.488 us p95=51.565 us alg_bw=0.72 GB/s
repeat=3 op=all_reduce payload=49152 median=45.408 us p95=49.664 us alg_bw=1.08 GB/s
repeat=3 op=all_reduce payload=65536 median=44.720 us p95=54.880 us alg_bw=1.47 GB/s
repeat=3 op=all_reduce payload=131072 median=44.512 us p95=49.744 us alg_bw=2.94 GB/s
repeat=3 op=all_reduce payload=262144 median=45.520 us p95=52.485 us alg_bw=5.76 GB/s
repeat=3 op=all_reduce payload=524288 median=45.952 us p95=51.808 us alg_bw=11.41 GB/s
repeat=3 op=all_reduce payload=1048576 median=46.624 us p95=52.824 us alg_bw=22.49 GB/s
repeat=3 op=all_reduce payload=2097152 median=46.560 us p95=53.400 us alg_bw=45.04 GB/s
repeat=3 op=all_reduce payload=4194304 median=45.600 us p95=50.739 us alg_bw=91.98 GB/s
repeat=3 op=all_reduce payload=8388608 median=52.768 us p95=53.829 us alg_bw=158.97 GB/s
repeat=3 op=all_reduce payload=16777216 median=75.440 us p95=77.442 us alg_bw=222.39 GB/s
repeat=3 op=all_reduce payload=33554432 median=124.448 us p95=124.742 us alg_bw=269.63 GB/s
repeat=3 op=all_reduce payload=67108864 median=190.048 us p95=194.080 us alg_bw=353.12 GB/s
repeat=3 op=all_reduce payload=134217728 median=357.616 us p95=362.130 us alg_bw=375.31 GB/s
complete TP=4 op=all_reduce repeat=3
start TP=4 op=all_gather repeat=3 attempt=1
W0728 16:26:45.436000 259861 torch/distributed/run.py:851]
W0728 16:26:45.436000 259861 torch/distributed/run.py:851] *****************************************
W0728 16:26:45.436000 259861 torch/distributed/run.py:851] Setting OMP_NUM_THREADS environment variable for each process to be 1 in default, to avoid your system being overloaded, please further tune the variable for optimal performance in your application as needed.
W0728 16:26:45.436000 259861 torch/distributed/run.py:851] *****************************************
repeat=3 op=all_gather payload=1024 median=44.528 us p95=63.112 us alg_bw=0.02 GB/s
repeat=3 op=all_gather payload=2048 median=43.392 us p95=58.955 us alg_bw=0.05 GB/s
repeat=3 op=all_gather payload=4096 median=43.600 us p95=57.781 us alg_bw=0.09 GB/s
repeat=3 op=all_gather payload=8192 median=42.544 us p95=55.814 us alg_bw=0.19 GB/s
repeat=3 op=all_gather payload=16384 median=42.608 us p95=51.770 us alg_bw=0.38 GB/s
repeat=3 op=all_gather payload=32768 median=43.408 us p95=53.987 us alg_bw=0.75 GB/s
repeat=3 op=all_gather payload=49152 median=43.536 us p95=53.954 us alg_bw=1.13 GB/s
repeat=3 op=all_gather payload=65536 median=42.336 us p95=55.747 us alg_bw=1.55 GB/s
repeat=3 op=all_gather payload=131072 median=42.448 us p95=53.826 us alg_bw=3.09 GB/s
repeat=3 op=all_gather payload=262144 median=44.720 us p95=54.198 us alg_bw=5.86 GB/s
repeat=3 op=all_gather payload=524288 median=44.544 us p95=51.096 us alg_bw=11.77 GB/s
repeat=3 op=all_gather payload=1048576 median=44.560 us p95=53.866 us alg_bw=23.53 GB/s
repeat=3 op=all_gather payload=2097152 median=43.728 us p95=53.760 us alg_bw=47.96 GB/s
repeat=3 op=all_gather payload=4194304 median=44.688 us p95=53.762 us alg_bw=93.86 GB/s
repeat=3 op=all_gather payload=8388608 median=58.064 us p95=60.962 us alg_bw=144.47 GB/s
repeat=3 op=all_gather payload=16777216 median=64.816 us p95=67.042 us alg_bw=258.84 GB/s
repeat=3 op=all_gather payload=33554432 median=77.248 us p95=77.504 us alg_bw=434.37 GB/s
repeat=3 op=all_gather payload=67108864 median=116.256 us p95=118.208 us alg_bw=577.25 GB/s
repeat=3 op=all_gather payload=134217728 median=207.424 us p95=210.403 us alg_bw=647.07 GB/s
complete TP=4 op=all_gather repeat=3
start TP=4 op=all_reduce repeat=4 attempt=1
W0728 16:26:55.841000 259975 torch/distributed/run.py:851]
W0728 16:26:55.841000 259975 torch/distributed/run.py:851] *****************************************
W0728 16:26:55.841000 259975 torch/distributed/run.py:851] Setting OMP_NUM_THREADS environment variable for each process to be 1 in default, to avoid your system being overloaded, please further tune the variable for optimal performance in your application as needed.
W0728 16:26:55.841000 259975 torch/distributed/run.py:851] *****************************************
repeat=4 op=all_reduce payload=1024 median=42.576 us p95=50.602 us alg_bw=0.02 GB/s
repeat=4 op=all_reduce payload=2048 median=45.424 us p95=54.565 us alg_bw=0.05 GB/s
repeat=4 op=all_reduce payload=4096 median=44.480 us p95=50.720 us alg_bw=0.09 GB/s
repeat=4 op=all_reduce payload=8192 median=45.568 us p95=55.078 us alg_bw=0.18 GB/s
repeat=4 op=all_reduce payload=16384 median=43.424 us p95=48.602 us alg_bw=0.38 GB/s
repeat=4 op=all_reduce payload=32768 median=44.592 us p95=49.683 us alg_bw=0.73 GB/s
repeat=4 op=all_reduce payload=49152 median=45.040 us p95=50.923 us alg_bw=1.09 GB/s
repeat=4 op=all_reduce payload=65536 median=43.552 us p95=50.930 us alg_bw=1.50 GB/s
repeat=4 op=all_reduce payload=131072 median=43.664 us p95=48.416 us alg_bw=3.00 GB/s
repeat=4 op=all_reduce payload=262144 median=45.536 us p95=52.518 us alg_bw=5.76 GB/s
repeat=4 op=all_reduce payload=524288 median=45.680 us p95=50.734 us alg_bw=11.48 GB/s
repeat=4 op=all_reduce payload=1048576 median=45.808 us p95=52.746 us alg_bw=22.89 GB/s
repeat=4 op=all_reduce payload=2097152 median=46.320 us p95=53.746 us alg_bw=45.28 GB/s
repeat=4 op=all_reduce payload=4194304 median=46.592 us p95=52.782 us alg_bw=90.02 GB/s
repeat=4 op=all_reduce payload=8388608 median=52.768 us p95=54.784 us alg_bw=158.97 GB/s
repeat=4 op=all_reduce payload=16777216 median=75.792 us p95=77.410 us alg_bw=221.36 GB/s
repeat=4 op=all_reduce payload=33554432 median=124.448 us p95=125.608 us alg_bw=269.63 GB/s
repeat=4 op=all_reduce payload=67108864 median=190.112 us p95=193.771 us alg_bw=353.00 GB/s
repeat=4 op=all_reduce payload=134217728 median=357.792 us p95=360.203 us alg_bw=375.13 GB/s
complete TP=4 op=all_reduce repeat=4
start TP=4 op=all_gather repeat=4 attempt=1
W0728 16:27:06.101000 260088 torch/distributed/run.py:851]
W0728 16:27:06.101000 260088 torch/distributed/run.py:851] *****************************************
W0728 16:27:06.101000 260088 torch/distributed/run.py:851] Setting OMP_NUM_THREADS environment variable for each process to be 1 in default, to avoid your system being overloaded, please further tune the variable for optimal performance in your application as needed.
W0728 16:27:06.101000 260088 torch/distributed/run.py:851] *****************************************
repeat=4 op=all_gather payload=1024 median=42.640 us p95=59.722 us alg_bw=0.02 GB/s
repeat=4 op=all_gather payload=2048 median=44.464 us p95=56.941 us alg_bw=0.05 GB/s
repeat=4 op=all_gather payload=4096 median=43.552 us p95=55.824 us alg_bw=0.09 GB/s
repeat=4 op=all_gather payload=8192 median=43.520 us p95=53.792 us alg_bw=0.19 GB/s
repeat=4 op=all_gather payload=16384 median=43.456 us p95=52.640 us alg_bw=0.38 GB/s
repeat=4 op=all_gather payload=32768 median=43.296 us p95=64.414 us alg_bw=0.76 GB/s
repeat=4 op=all_gather payload=49152 median=43.552 us p95=54.034 us alg_bw=1.13 GB/s
repeat=4 op=all_gather payload=65536 median=42.720 us p95=53.896 us alg_bw=1.53 GB/s
repeat=4 op=all_gather payload=131072 median=44.640 us p95=55.126 us alg_bw=2.94 GB/s
repeat=4 op=all_gather payload=262144 median=43.584 us p95=53.798 us alg_bw=6.01 GB/s
repeat=4 op=all_gather payload=524288 median=44.608 us p95=53.872 us alg_bw=11.75 GB/s
repeat=4 op=all_gather payload=1048576 median=44.480 us p95=54.051 us alg_bw=23.57 GB/s
repeat=4 op=all_gather payload=2097152 median=42.592 us p95=54.358 us alg_bw=49.24 GB/s
repeat=4 op=all_gather payload=4194304 median=43.552 us p95=88.677 us alg_bw=96.31 GB/s
repeat=4 op=all_gather payload=8388608 median=57.776 us p95=60.870 us alg_bw=145.19 GB/s
repeat=4 op=all_gather payload=16777216 median=64.800 us p95=67.106 us alg_bw=258.91 GB/s
repeat=4 op=all_gather payload=33554432 median=77.104 us p95=77.442 us alg_bw=435.18 GB/s
repeat=4 op=all_gather payload=67108864 median=116.256 us p95=118.176 us alg_bw=577.25 GB/s
repeat=4 op=all_gather payload=134217728 median=208.224 us p95=210.466 us alg_bw=644.58 GB/s
complete TP=4 op=all_gather repeat=4
skip completed TP=8 op=all_reduce repeat=0
skip completed TP=8 op=all_gather repeat=0
skip completed TP=8 op=all_reduce repeat=1
skip completed TP=8 op=all_gather repeat=1
skip completed TP=8 op=all_reduce repeat=2
skip completed TP=8 op=all_gather repeat=2
start TP=8 op=all_reduce repeat=3 attempt=1
W0728 16:27:16.735000 260215 torch/distributed/run.py:851]
W0728 16:27:16.735000 260215 torch/distributed/run.py:851] *****************************************
W0728 16:27:16.735000 260215 torch/distributed/run.py:851] Setting OMP_NUM_THREADS environment variable for each process to be 1 in default, to avoid your system being overloaded, please further tune the variable for optimal performance in your application as needed.
W0728 16:27:16.735000 260215 torch/distributed/run.py:851] *****************************************
repeat=3 op=all_reduce payload=1024 median=46.496 us p95=57.163 us alg_bw=0.02 GB/s
repeat=3 op=all_reduce payload=2048 median=44.624 us p95=54.248 us alg_bw=0.05 GB/s
repeat=3 op=all_reduce payload=4096 median=46.528 us p95=62.238 us alg_bw=0.09 GB/s
repeat=3 op=all_reduce payload=8192 median=45.600 us p95=59.968 us alg_bw=0.18 GB/s
repeat=3 op=all_reduce payload=16384 median=45.552 us p95=59.942 us alg_bw=0.36 GB/s
repeat=3 op=all_reduce payload=32768 median=46.592 us p95=64.109 us alg_bw=0.70 GB/s
repeat=3 op=all_reduce payload=49152 median=45.968 us p95=59.008 us alg_bw=1.07 GB/s
repeat=3 op=all_reduce payload=65536 median=45.536 us p95=61.877 us alg_bw=1.44 GB/s
repeat=3 op=all_reduce payload=131072 median=45.456 us p95=54.130 us alg_bw=2.88 GB/s
repeat=3 op=all_reduce payload=262144 median=44.624 us p95=52.768 us alg_bw=5.87 GB/s
repeat=3 op=all_reduce payload=524288 median=47.392 us p95=54.064 us alg_bw=11.06 GB/s
repeat=3 op=all_reduce payload=1048576 median=47.520 us p95=57.890 us alg_bw=22.07 GB/s
repeat=3 op=all_reduce payload=2097152 median=47.472 us p95=55.840 us alg_bw=44.18 GB/s
repeat=3 op=all_reduce payload=4194304 median=59.136 us p95=61.142 us alg_bw=70.93 GB/s
repeat=3 op=all_reduce payload=8388608 median=77.344 us p95=79.107 us alg_bw=108.46 GB/s
repeat=3 op=all_reduce payload=16777216 median=103.904 us p95=105.798 us alg_bw=161.47 GB/s
repeat=3 op=all_reduce payload=33554432 median=165.440 us p95=167.552 us alg_bw=202.82 GB/s
repeat=3 op=all_reduce payload=67108864 median=282.160 us p95=285.254 us alg_bw=237.84 GB/s
repeat=3 op=all_reduce payload=134217728 median=399.344 us p95=403.141 us alg_bw=336.10 GB/s
complete TP=8 op=all_reduce repeat=3
start TP=8 op=all_gather repeat=3 attempt=1
W0728 16:27:34.194000 260365 torch/distributed/run.py:851]
W0728 16:27:34.194000 260365 torch/distributed/run.py:851] *****************************************
W0728 16:27:34.194000 260365 torch/distributed/run.py:851] Setting OMP_NUM_THREADS environment variable for each process to be 1 in default, to avoid your system being overloaded, please further tune the variable for optimal performance in your application as needed.
W0728 16:27:34.194000 260365 torch/distributed/run.py:851] *****************************************
repeat=3 op=all_gather payload=1024 median=69.088 us p95=87.437 us alg_bw=0.01 GB/s
repeat=3 op=all_gather payload=2048 median=69.168 us p95=87.658 us alg_bw=0.03 GB/s
repeat=3 op=all_gather payload=4096 median=44.560 us p95=77.304 us alg_bw=0.09 GB/s
repeat=3 op=all_gather payload=8192 median=42.416 us p95=66.048 us alg_bw=0.19 GB/s
repeat=3 op=all_gather payload=16384 median=67.184 us p95=79.526 us alg_bw=0.24 GB/s
repeat=3 op=all_gather payload=32768 median=44.512 us p95=89.760 us alg_bw=0.74 GB/s
repeat=3 op=all_gather payload=49152 median=67.120 us p95=77.282 us alg_bw=0.73 GB/s
repeat=3 op=all_gather payload=65536 median=42.576 us p95=52.830 us alg_bw=1.54 GB/s
repeat=3 op=all_gather payload=131072 median=42.464 us p95=59.750 us alg_bw=3.09 GB/s
repeat=3 op=all_gather payload=262144 median=43.424 us p95=50.672 us alg_bw=6.04 GB/s
repeat=3 op=all_gather payload=524288 median=43.376 us p95=50.875 us alg_bw=12.09 GB/s
repeat=3 op=all_gather payload=1048576 median=43.440 us p95=50.458 us alg_bw=24.14 GB/s
repeat=3 op=all_gather payload=2097152 median=44.448 us p95=52.549 us alg_bw=47.18 GB/s
repeat=3 op=all_gather payload=4194304 median=43.600 us p95=53.842 us alg_bw=96.20 GB/s
repeat=3 op=all_gather payload=8388608 median=50.688 us p95=52.736 us alg_bw=165.49 GB/s
repeat=3 op=all_gather payload=16777216 median=54.848 us p95=56.928 us alg_bw=305.89 GB/s
repeat=3 op=all_gather payload=33554432 median=83.488 us p95=85.472 us alg_bw=401.91 GB/s
repeat=3 op=all_gather payload=67108864 median=144.864 us p95=146.085 us alg_bw=463.25 GB/s
repeat=3 op=all_gather payload=134217728 median=214.800 us p95=216.674 us alg_bw=624.85 GB/s
complete TP=8 op=all_gather repeat=3
start TP=8 op=all_reduce repeat=4 attempt=1
W0728 16:27:51.740000 260515 torch/distributed/run.py:851]
W0728 16:27:51.740000 260515 torch/distributed/run.py:851] *****************************************
W0728 16:27:51.740000 260515 torch/distributed/run.py:851] Setting OMP_NUM_THREADS environment variable for each process to be 1 in default, to avoid your system being overloaded, please further tune the variable for optimal performance in your application as needed.
W0728 16:27:51.740000 260515 torch/distributed/run.py:851] *****************************************
repeat=4 op=all_reduce payload=1024 median=46.384 us p95=66.718 us alg_bw=0.02 GB/s
repeat=4 op=all_reduce payload=2048 median=46.624 us p95=62.915 us alg_bw=0.04 GB/s
repeat=4 op=all_reduce payload=4096 median=46.528 us p95=64.998 us alg_bw=0.09 GB/s
repeat=4 op=all_reduce payload=8192 median=46.064 us p95=58.834 us alg_bw=0.18 GB/s
repeat=4 op=all_reduce payload=16384 median=45.488 us p95=56.854 us alg_bw=0.36 GB/s
repeat=4 op=all_reduce payload=32768 median=46.480 us p95=61.898 us alg_bw=0.70 GB/s
repeat=4 op=all_reduce payload=49152 median=47.584 us p95=68.114 us alg_bw=1.03 GB/s
repeat=4 op=all_reduce payload=65536 median=46.496 us p95=58.728 us alg_bw=1.41 GB/s
repeat=4 op=all_reduce payload=131072 median=45.552 us p95=51.560 us alg_bw=2.88 GB/s
repeat=4 op=all_reduce payload=262144 median=45.664 us p95=53.893 us alg_bw=5.74 GB/s
repeat=4 op=all_reduce payload=524288 median=46.064 us p95=54.890 us alg_bw=11.38 GB/s
repeat=4 op=all_reduce payload=1048576 median=46.560 us p95=53.955 us alg_bw=22.52 GB/s
repeat=4 op=all_reduce payload=2097152 median=46.528 us p95=55.915 us alg_bw=45.07 GB/s
repeat=4 op=all_reduce payload=4194304 median=59.104 us p95=61.088 us alg_bw=70.96 GB/s
repeat=4 op=all_reduce payload=8388608 median=77.328 us p95=79.362 us alg_bw=108.48 GB/s
repeat=4 op=all_reduce payload=16777216 median=103.936 us p95=106.019 us alg_bw=161.42 GB/s
repeat=4 op=all_reduce payload=33554432 median=165.376 us p95=167.490 us alg_bw=202.90 GB/s
repeat=4 op=all_reduce payload=67108864 median=282.048 us p95=284.422 us alg_bw=237.93 GB/s
repeat=4 op=all_reduce payload=134217728 median=399.984 us p95=403.506 us alg_bw=335.56 GB/s
complete TP=8 op=all_reduce repeat=4
start TP=8 op=all_gather repeat=4 attempt=1
W0728 16:28:09.309000 260665 torch/distributed/run.py:851]
W0728 16:28:09.309000 260665 torch/distributed/run.py:851] *****************************************
W0728 16:28:09.309000 260665 torch/distributed/run.py:851] Setting OMP_NUM_THREADS environment variable for each process to be 1 in default, to avoid your system being overloaded, please further tune the variable for optimal performance in your application as needed.
W0728 16:28:09.309000 260665 torch/distributed/run.py:851] *****************************************
repeat=4 op=all_gather payload=1024 median=46.608 us p95=75.648 us alg_bw=0.02 GB/s
repeat=4 op=all_gather payload=2048 median=45.568 us p95=61.090 us alg_bw=0.04 GB/s
repeat=4 op=all_gather payload=4096 median=46.640 us p95=57.893 us alg_bw=0.09 GB/s
repeat=4 op=all_gather payload=8192 median=44.416 us p95=59.040 us alg_bw=0.18 GB/s
repeat=4 op=all_gather payload=16384 median=44.528 us p95=57.002 us alg_bw=0.37 GB/s
repeat=4 op=all_gather payload=32768 median=44.496 us p95=55.014 us alg_bw=0.74 GB/s
repeat=4 op=all_gather payload=49152 median=45.056 us p95=57.766 us alg_bw=1.09 GB/s
repeat=4 op=all_gather payload=65536 median=45.568 us p95=56.219 us alg_bw=1.44 GB/s
repeat=4 op=all_gather payload=131072 median=48.544 us p95=59.752 us alg_bw=2.70 GB/s
repeat=4 op=all_gather payload=262144 median=44.576 us p95=62.371 us alg_bw=5.88 GB/s
repeat=4 op=all_gather payload=524288 median=50.592 us p95=61.987 us alg_bw=10.36 GB/s
repeat=4 op=all_gather payload=1048576 median=46.592 us p95=53.765 us alg_bw=22.51 GB/s
repeat=4 op=all_gather payload=2097152 median=46.464 us p95=54.909 us alg_bw=45.13 GB/s
repeat=4 op=all_gather payload=4194304 median=46.912 us p95=55.712 us alg_bw=89.41 GB/s
repeat=4 op=all_gather payload=8388608 median=50.752 us p95=52.738 us alg_bw=165.29 GB/s
repeat=4 op=all_gather payload=16777216 median=54.848 us p95=56.864 us alg_bw=305.89 GB/s
repeat=4 op=all_gather payload=33554432 median=83.552 us p95=85.509 us alg_bw=401.60 GB/s
repeat=4 op=all_gather payload=67108864 median=144.848 us p95=146.629 us alg_bw=463.31 GB/s
repeat=4 op=all_gather payload=134217728 median=215.488 us p95=216.832 us alg_bw=622.85 GB/s
complete TP=8 op=all_gather repeat=4
