W0806 06:29:32.974000 1403890 torch/distributed/run.py:851] 
W0806 06:29:32.974000 1403890 torch/distributed/run.py:851] *****************************************
W0806 06:29:32.974000 1403890 torch/distributed/run.py:851] Setting OMP_NUM_THREADS environment variable for each process to be 1 in default, to avoid your system being overloaded, please further tune the variable for optimal performance in your application as needed. 
W0806 06:29:32.974000 1403890 torch/distributed/run.py:851] *****************************************
repeat=1 tp=8 op=all_reduce payload=4096 proxy=sglang_custom:one_shot_push observed=sglang_custom:all_reduce_one_shot_push completion_median=31.008 us
repeat=1 tp=8 op=all_reduce payload=8192 proxy=sglang_custom:one_shot_push observed=sglang_custom:all_reduce_one_shot_push completion_median=32.656 us
repeat=1 tp=8 op=all_reduce payload=12288 proxy=sglang_custom:one_shot_push observed=sglang_custom:all_reduce_one_shot_push completion_median=33.648 us
repeat=1 tp=8 op=all_reduce payload=16384 proxy=sglang_custom:one_shot_push observed=sglang_custom:all_reduce_one_shot_push completion_median=31.728 us
repeat=1 tp=8 op=all_reduce payload=20480 proxy=sglang_custom:one_shot_push observed=sglang_custom:all_reduce_one_shot_push completion_median=30.080 us
repeat=1 tp=8 op=all_reduce payload=24576 proxy=sglang_custom:one_shot_push observed=sglang_custom:all_reduce_one_shot_push completion_median=29.696 us
repeat=1 tp=8 op=all_reduce payload=32768 proxy=sglang_custom:one_shot_push observed=sglang_custom:all_reduce_one_shot_push completion_median=32.016 us
repeat=1 tp=8 op=all_reduce payload=40960 proxy=sglang_custom:one_shot_push observed=sglang_custom:all_reduce_one_shot_push completion_median=31.728 us
repeat=1 tp=8 op=all_reduce payload=49152 proxy=sglang_custom:one_shot_push observed=sglang_custom:all_reduce_one_shot_push completion_median=31.615 us
repeat=1 tp=8 op=all_reduce payload=65536 proxy=sglang_custom:one_shot_push observed=sglang_custom:all_reduce_one_shot_push completion_median=31.184 us
repeat=1 tp=8 op=all_reduce payload=131072 proxy=sglang_custom:one_shot_push observed=sglang_custom:all_reduce_one_shot_push completion_median=33.568 us
repeat=1 tp=8 op=all_reduce payload=4190208 proxy=sglang_custom:two_shot_pull observed=sglang_custom:all_reduce_two_shot completion_median=44.656 us
repeat=1 tp=8 op=all_reduce payload=4194304 proxy=sglang_custom:two_shot_pull observed=sglang_custom:all_reduce_two_shot completion_median=44.928 us
repeat=1 tp=8 op=all_reduce payload=8380416 proxy=sglang_custom:two_shot_pull observed=sglang_custom:all_reduce_two_shot completion_median=54.720 us
repeat=1 tp=8 op=all_reduce payload=8388608 proxy=sglang_custom:two_shot_pull observed=sglang_custom:all_reduce_two_shot completion_median=55.136 us
repeat=1 tp=8 op=all_reduce payload=16760832 proxy=sglang_custom:two_shot_pull observed=sglang_custom:all_reduce_two_shot completion_median=76.784 us
repeat=1 tp=8 op=all_reduce payload=16773120 proxy=sglang_custom:two_shot_pull observed=sglang_custom:all_reduce_two_shot completion_median=75.808 us
repeat=1 tp=8 op=all_reduce payload=16777216 proxy=sglang_custom:two_shot_pull observed=sglang_custom:all_reduce_two_shot completion_median=74.512 us
repeat=1 tp=8 op=all_reduce payload=33521664 proxy=nccl:all_reduce observed=nccl:all_reduce completion_median=179.343 us
repeat=1 tp=8 op=all_reduce payload=33546240 proxy=nccl:all_reduce observed=nccl:all_reduce completion_median=186.432 us
repeat=1 tp=8 op=all_reduce payload=33554432 proxy=nccl:all_reduce observed=nccl:all_reduce completion_median=182.352 us
repeat=1 tp=8 op=all_reduce payload=67092480 proxy=nccl:all_reduce observed=nccl:all_reduce completion_median=295.119 us
repeat=1 tp=8 op=all_reduce payload=67108864 proxy=nccl:all_reduce observed=nccl:all_reduce completion_median=292.303 us
repeat=1 tp=8 op=all_reduce payload=134184960 proxy=nccl:all_reduce observed=nccl:all_reduce completion_median=442.016 us
repeat=1 tp=8 op=all_reduce payload=134217728 proxy=nccl:all_reduce observed=nccl:all_reduce completion_median=415.134 us
