attempt=1 returncode=0
W0814 21:54:14.526000 3208411 torch/distributed/run.py:851] 
W0814 21:54:14.526000 3208411 torch/distributed/run.py:851] *****************************************
W0814 21:54:14.526000 3208411 torch/distributed/run.py:851] Setting OMP_NUM_THREADS environment variable for each process to be 1 in default, to avoid your system being overloaded, please further tune the variable for optimal performance in your application as needed. 
W0814 21:54:14.526000 3208411 torch/distributed/run.py:851] *****************************************
[rank1]:[W814 21:54:17.775470593 ProcessGroupNCCL.cpp:4094] Warning: An unbatched P2P op (send/recv) was called on this ProcessGroup with size 2.  In lazy initialization mode, this will result in a new 2-rank NCCL communicator to be created. (function operator())
[rank0]:[W814 21:54:17.775472667 ProcessGroupNCCL.cpp:4094] Warning: An unbatched P2P op (send/recv) was called on this ProcessGroup with size 2.  In lazy initialization mode, this will result in a new 2-rank NCCL communicator to be created. (function operator())
repeat=0 topology=NVLINK_NV18 direction=gpu0_to_gpu1 payload=4096 median=28.624us p95=40.618us
[rank1]:[W814 21:54:18.731282666 ProcessGroupNCCL.cpp:4094] Warning: An unbatched P2P op (send/recv) was called on this ProcessGroup with size 2.  In lazy initialization mode, this will result in a new 2-rank NCCL communicator to be created. (function operator())
[rank0]:[W814 21:54:18.731288193 ProcessGroupNCCL.cpp:4094] Warning: An unbatched P2P op (send/recv) was called on this ProcessGroup with size 2.  In lazy initialization mode, this will result in a new 2-rank NCCL communicator to be created. (function operator())
repeat=0 topology=NVLINK_NV18 direction=gpu1_to_gpu0 payload=4096 median=27.104us p95=36.197us
repeat=0 topology=NVLINK_NV18 direction=gpu0_to_gpu1 payload=8192 median=27.472us p95=35.894us
repeat=0 topology=NVLINK_NV18 direction=gpu1_to_gpu0 payload=8192 median=27.168us p95=34.477us
repeat=0 topology=NVLINK_NV18 direction=gpu0_to_gpu1 payload=16384 median=33.440us p95=43.562us
repeat=0 topology=NVLINK_NV18 direction=gpu1_to_gpu0 payload=16384 median=28.464us p95=39.338us
repeat=0 topology=NVLINK_NV18 direction=gpu0_to_gpu1 payload=32768 median=28.576us p95=38.723us
repeat=0 topology=NVLINK_NV18 direction=gpu1_to_gpu0 payload=32768 median=28.224us p95=38.346us
repeat=0 topology=NVLINK_NV18 direction=gpu0_to_gpu1 payload=38912 median=27.456us p95=38.454us
repeat=0 topology=NVLINK_NV18 direction=gpu1_to_gpu0 payload=38912 median=26.992us p95=37.830us
repeat=0 topology=NVLINK_NV18 direction=gpu0_to_gpu1 payload=65536 median=28.640us p95=39.362us
repeat=0 topology=NVLINK_NV18 direction=gpu1_to_gpu0 payload=65536 median=28.160us p95=36.758us
repeat=0 topology=NVLINK_NV18 direction=gpu0_to_gpu1 payload=131072 median=28.304us p95=36.355us
repeat=0 topology=NVLINK_NV18 direction=gpu1_to_gpu0 payload=131072 median=27.408us p95=36.226us
repeat=0 topology=NVLINK_NV18 direction=gpu0_to_gpu1 payload=262144 median=27.760us p95=35.840us
repeat=0 topology=NVLINK_NV18 direction=gpu1_to_gpu0 payload=262144 median=28.848us p95=39.870us
repeat=0 topology=NVLINK_NV18 direction=gpu0_to_gpu1 payload=524288 median=28.832us p95=37.637us
repeat=0 topology=NVLINK_NV18 direction=gpu1_to_gpu0 payload=524288 median=28.160us p95=37.410us
repeat=0 topology=NVLINK_NV18 direction=gpu0_to_gpu1 payload=917504 median=30.784us p95=38.834us
repeat=0 topology=NVLINK_NV18 direction=gpu1_to_gpu0 payload=917504 median=31.296us p95=37.731us
repeat=0 topology=NVLINK_NV18 direction=gpu0_to_gpu1 payload=1048576 median=33.632us p95=46.056us
repeat=0 topology=NVLINK_NV18 direction=gpu1_to_gpu0 payload=1048576 median=31.584us p95=39.264us
repeat=0 topology=NVLINK_NV18 direction=gpu0_to_gpu1 payload=2097152 median=35.680us p95=42.269us
repeat=0 topology=NVLINK_NV18 direction=gpu1_to_gpu0 payload=2097152 median=34.960us p95=40.939us
repeat=0 topology=NVLINK_NV18 direction=gpu0_to_gpu1 payload=4194304 median=41.488us p95=47.670us
repeat=0 topology=NVLINK_NV18 direction=gpu1_to_gpu0 payload=4194304 median=40.848us p95=46.866us
repeat=0 topology=NVLINK_NV18 direction=gpu0_to_gpu1 payload=5242880 median=43.760us p95=50.008us
repeat=0 topology=NVLINK_NV18 direction=gpu1_to_gpu0 payload=5242880 median=43.264us p95=46.986us
repeat=0 topology=NVLINK_NV18 direction=gpu0_to_gpu1 payload=8388608 median=51.760us p95=57.549us
repeat=0 topology=NVLINK_NV18 direction=gpu1_to_gpu0 payload=8388608 median=51.680us p95=60.262us
repeat=0 topology=NVLINK_NV18 direction=gpu0_to_gpu1 payload=14680064 median=67.824us p95=73.920us
repeat=0 topology=NVLINK_NV18 direction=gpu1_to_gpu0 payload=14680064 median=66.144us p95=70.138us
repeat=0 topology=NVLINK_NV18 direction=gpu0_to_gpu1 payload=16777216 median=69.504us p95=74.861us
repeat=0 topology=NVLINK_NV18 direction=gpu1_to_gpu0 payload=16777216 median=68.624us p95=75.878us
repeat=0 topology=NVLINK_NV18 direction=gpu0_to_gpu1 payload=27262976 median=87.536us p95=95.248us
repeat=0 topology=NVLINK_NV18 direction=gpu1_to_gpu0 payload=27262976 median=86.016us p95=91.080us
repeat=0 topology=NVLINK_NV18 direction=gpu0_to_gpu1 payload=33554432 median=95.888us p95=101.914us
repeat=0 topology=NVLINK_NV18 direction=gpu1_to_gpu0 payload=33554432 median=94.656us p95=98.661us
repeat=0 topology=NVLINK_NV18 direction=gpu0_to_gpu1 payload=41943040 median=108.160us p95=115.163us
repeat=0 topology=NVLINK_NV18 direction=gpu1_to_gpu0 payload=41943040 median=110.576us p95=115.779us
repeat=0 topology=NVLINK_NV18 direction=gpu0_to_gpu1 payload=67108864 median=151.200us p95=162.677us
repeat=0 topology=NVLINK_NV18 direction=gpu1_to_gpu0 payload=67108864 median=149.824us p95=153.906us

