{
  "args": {
    "batch_size": 64,
    "confirmation_features": "/sgl-workspace/sglang-src/experiment-results/phase27b_pp_hfull_dataset/dataset/independent_confirmation_features.csv.gz",
    "dataset_summary": "/sgl-workspace/sglang-src/experiment-results/phase27b_pp_hfull_dataset/summary.json",
    "development_dataset": "/sgl-workspace/sglang-src/experiment-results/phase27b_pp_hfull_dataset/dataset/development_examples.csv.gz",
    "device": "cuda",
    "epochs": 500,
    "learning_rate": 0.001,
    "output_dir": "/sgl-workspace/sglang-src/experiment-results/phase27c_pp_scheduler_feature_training",
    "patience": 60,
    "seed": 20260812
  },
  "completed_at_utc": "2026-08-12T09:10:31.709995+00:00",
  "confirmation_targets_read": false,
  "device": "cuda:0",
  "device_name": "NVIDIA B200",
  "numpy": "2.3.5",
  "platform": "Linux-5.14.0-3.1.8.kwai.x86_64-x86_64-with-glibc2.39",
  "python": "3.12.3 (main, Jun 19 2026, 12:46:00) [GCC 13.3.0]",
  "repository_head_at_training": "1e40b78e22a1ba0b2f757b9469c233da11ee19ce",
  "schema_version": "phase27c-training-log-v1",
  "status": "PASS",
  "torch": "2.11.0+cu130",
  "training_runs": [
    {
      "best_epoch": 53,
      "best_validation_loss": 0.03719215840101242,
      "bytes": 44213,
      "feature_columns": 52,
      "method": "legacy_bounded_residual",
      "path": "checkpoints/pp_legacy_bounded_residual.pt",
      "sha256": "3752fa03a85e34de66f43a1909ef94debf7df1b28d23297014ab40a94718e8aa"
    },
    {
      "best_epoch": 54,
      "best_validation_loss": 0.03492721915245056,
      "bytes": 61653,
      "feature_columns": 108,
      "method": "enhanced_bounded_residual",
      "path": "checkpoints/pp_enhanced_bounded_residual.pt",
      "sha256": "7706f30a6fcb39942f364a765a0e86a72ea98b674a054147a7a1aaa0be4606ec"
    },
    {
      "best_epoch": 114,
      "best_validation_loss": 0.04411812499165535,
      "bytes": 61301,
      "feature_columns": 108,
      "method": "enhanced_direct",
      "path": "checkpoints/pp_enhanced_direct.pt",
      "sha256": "019cd1ae09ca139a4c61afca681f96344df1186b59601f38c2dff4d890b3357b"
    }
  ]
}
