{
  "argv": [
    "scripts/analyze_phase25d_pp_scheduler_representative_convergence.py"
  ],
  "checks": {
    "all_histograms_positive": true,
    "all_metrics_finite": true,
    "decomposition_metrics_648": true,
    "histogram_labels_2160": true,
    "per_case_metrics_2592": true,
    "phase25b_hfull_exact_432_of_432": true,
    "phase25c_tail_audit_pass": true,
    "profiles_24": true,
    "request_rows_120": true,
    "simulation_configurations_1080": true
  },
  "duration_seconds": 13.702591896057129,
  "numpy": "2.3.5",
  "platform": "Linux-5.14.0-3.1.8.kwai.x86_64-x86_64-with-glibc2.39",
  "python": "3.12.3 (main, Jun 19 2026, 12:46:00) [GCC 13.3.0]",
  "status": "PASS"
}
