{
  "args": {
    "batch_size": 64,
    "dataset_summary": "/sgl-workspace/sglang-src/experiment-results/phase29b_tp_hfull_dataset/summary.json",
    "development_dataset": "/sgl-workspace/sglang-src/experiment-results/phase29b_tp_hfull_dataset/dataset/development_examples.csv.gz",
    "device": "cuda",
    "epochs": 500,
    "feature_columns": "/sgl-workspace/sglang-src/experiment-results/phase29b_tp_hfull_dataset/feature_columns.json",
    "first_confirmation_features": "/sgl-workspace/sglang-src/experiment-results/phase29b_tp_hfull_dataset/dataset/first_confirmation_features.csv.gz",
    "learning_rate": 0.001,
    "output_dir": "/sgl-workspace/sglang-src/experiment-results/phase29c_tp_aligned_training",
    "patience": 60,
    "second_confirmation_features": "/sgl-workspace/sglang-src/experiment-results/phase29b_tp_hfull_dataset/dataset/second_confirmation_features.csv.gz",
    "seed": 20260812
  },
  "completed_at_utc": "2026-08-12T13:51:05.226298+00:00",
  "confirmation_targets_read": false,
  "device": "cuda:0",
  "device_name": "NVIDIA B200",
  "numpy": "2.3.5",
  "platform": "Linux-5.14.0-3.1.8.kwai.x86_64-x86_64-with-glibc2.39",
  "python": "3.12.3 (main, Jun 19 2026, 12:46:00) [GCC 13.3.0]",
  "repository_head_at_training": "af1397d248f1a3f9857215dde52122125c30e445",
  "schema_version": "phase29c-training-log-v1",
  "status": "PASS",
  "torch": "2.11.0+cu130",
  "training_runs": [
    {
      "best_epoch": 18,
      "best_validation_loss": 0.028805822134017944,
      "bytes": 45173,
      "feature_columns": 55,
      "method": "legacy_bounded_residual",
      "path": "checkpoints/tp_legacy_bounded_residual.pt",
      "sha256": "a0286b4b97cf8a3a4fe98fec50e07b17542c6ce01e42fe87218c095e632a9f27"
    },
    {
      "best_epoch": 23,
      "best_validation_loss": 0.02796332724392414,
      "bytes": 63317,
      "feature_columns": 113,
      "method": "enhanced_bounded_residual",
      "path": "checkpoints/tp_enhanced_bounded_residual.pt",
      "sha256": "2a7dc5ea4ba27471aa1610328f99226705f91dd23cecace30c43a64595480526"
    },
    {
      "best_epoch": 20,
      "best_validation_loss": 0.0896533653140068,
      "bytes": 63093,
      "feature_columns": 113,
      "method": "enhanced_direct",
      "path": "checkpoints/tp_enhanced_direct.pt",
      "sha256": "36cd8f18eadc84acb16efd2f7651293d6240dd02424593f244257bc34e10d9af"
    }
  ]
}
