{
  "boundary_checks": [
    {
      "boundaries": 1,
      "cell": "pp2/mb1",
      "status": "PASS"
    },
    {
      "boundaries": 1,
      "cell": "pp2/mb16",
      "status": "PASS"
    },
    {
      "boundaries": 1,
      "cell": "pp2/mb4",
      "status": "PASS"
    },
    {
      "boundaries": 3,
      "cell": "pp4/mb1",
      "status": "PASS"
    },
    {
      "boundaries": 3,
      "cell": "pp4/mb16",
      "status": "PASS"
    },
    {
      "boundaries": 3,
      "cell": "pp4/mb4",
      "status": "PASS"
    },
    {
      "boundaries": 7,
      "cell": "pp8/mb1",
      "status": "PASS"
    },
    {
      "boundaries": 7,
      "cell": "pp8/mb16",
      "status": "PASS"
    },
    {
      "boundaries": 7,
      "cell": "pp8/mb4",
      "status": "PASS"
    }
  ],
  "exact_histogram_groups": 54,
  "exact_histogram_rate": 1.0,
  "expected_repeats": 10,
  "groups": 54,
  "h0": {
    "mean_bytes_ape": 0.0,
    "mean_calls_ape": 0.0,
    "mean_histogram_emd": 0.0,
    "mean_histogram_l1": 0.0,
    "p95_bytes_ape": 0.0,
    "p95_calls_ape": 0.0
  },
  "input_contract": "identical request token IDs, lengths, order, simultaneous arrival, PP configuration and microbatch policy across repetitions",
  "interpretation": "This is the strict PP counterpart of the TP fixed-workload H0 audit. It does not use profiled/online arrivals and does not estimate an expected service histogram.",
  "max_bytes_relative_span": 0.0,
  "max_calls_relative_span": 0.0,
  "raw_phase_labels": 540,
  "schema_version": "phase23-pp-fixed-draining-stability-v1",
  "status": "PASS"
}
